<html>
<body>
<pre>
<h1>µVision Build Log</h1>
<h2>Tool Versions:</h2>
IDE-Version: ¦ÌVision V5.33.0.0
Copyright (C) 2020 ARM Ltd and ARM Germany GmbH. All rights reserved.
License Information: xinzhe yang, dis, LIC=47GU5-G2NJN-CX0U6-DN6AT-BXKR5-T3UTC
 
Tool Versions:
Toolchain:       MDK-ARM Plus  Version: 5.33.0.0
Toolchain Path:  C:\Keil_v5\ARM\ARMCC\Bin
C Compiler:      Armcc.exe V5.06 update 7 (build 960)
Assembler:       Armasm.exe V5.06 update 7 (build 960)
Linker/Locator:  ArmLink.exe V5.06 update 7 (build 960)
Library Manager: ArmAr.exe V5.06 update 7 (build 960)
Hex Converter:   FromElf.exe V5.06 update 7 (build 960)
CPU DLL:         SARMCM3.DLL V5.33.0.0
Dialog DLL:      DARMCM1.DLL V1.19.4.0
Target DLL:      Segger\JL2CM3.dll V2.99.38.0
Dialog DLL:      TARMCM1.DLL V1.14.3.0
 
<h2>Project:</h2>
C:\Users\admin\Desktop\PA_Join\MDK-ARM\PA_Join.uvprojx
Project File Date:  10/17/2024

<h2>Output:</h2>
*** Using Compiler 'V5.06 update 7 (build 960)', folder: 'C:\Keil_v5\ARM\ARMCC\Bin'
Rebuild target 'PA_Join'
assembling startup_stm32f030x8.s...
compiling adc.c...
compiling i2c.c...
compiling spi.c...
compiling gpio.c...
compiling usart.c...
compiling main.c...
../Core/Src/main.c(750): warning:  #177-D: variable "PA_ON"  was declared but never referenced
  	int PA_ON = 0;
../Core/Src/main.c(751): warning:  #177-D: variable "temp_exceed"  was declared but never referenced
  	int temp_exceed = 0;
../Core/Src/main.c: 2 warnings, 0 errors
compiling stm32f0xx_it.c...
compiling stm32f0xx_hal_msp.c...
compiling stm32f0xx_hal_rcc_ex.c...
compiling stm32f0xx_hal_adc_ex.c...
compiling stm32f0xx_hal_rcc.c...
compiling stm32f0xx_hal_adc.c...
compiling stm32f0xx_hal.c...
compiling stm32f0xx_hal_i2c.c...
compiling stm32f0xx_hal_i2c_ex.c...
compiling stm32f0xx_hal_gpio.c...
compiling stm32f0xx_hal_dma.c...
compiling stm32f0xx_hal_cortex.c...
compiling stm32f0xx_hal_pwr.c...
compiling stm32f0xx_hal_pwr_ex.c...
compiling stm32f0xx_hal_flash.c...
compiling stm32f0xx_hal_flash_ex.c...
compiling stm32f0xx_hal_spi_ex.c...
compiling stm32f0xx_hal_exti.c...
compiling stm32f0xx_hal_spi.c...
compiling stm32f0xx_hal_tim_ex.c...
compiling stm32f0xx_hal_tim.c...
compiling stm32f0xx_hal_uart.c...
compiling stm32f0xx_hal_uart_ex.c...
compiling system_stm32f0xx.c...
linking...
Program Size: Code=34408 RO-data=1152 RW-data=116 ZI-data=2900  
FromELF: creating hex file...
"PA_Join\PA_Join.axf" - 0 Error(s), 2 Warning(s).

<h2>Software Packages used:</h2>

Package Vendor: ARM
                http://www.keil.com/pack/ARM.CMSIS.5.7.0.pack
                ARM.CMSIS.5.7.0
                CMSIS (Cortex Microcontroller Software Interface Standard)
   * Component: CORE Version: 5.4.0

Package Vendor: Keil
                https://www.keil.com/pack/Keil.STM32F0xx_DFP.2.1.1.pack
                Keil.STM32F0xx_DFP.2.1.1
                STMicroelectronics STM32F0 Series Device Support, Drivers and Examples

<h2>Collection of Component include folders:</h2>
  .\RTE\_PA_Join
  C:\Users\admin\AppData\Local\Arm\Packs\ARM\CMSIS\5.7.0\CMSIS\Core\Include
  C:\Users\admin\AppData\Local\Arm\Packs\Keil\STM32F0xx_DFP\2.1.1\Drivers\CMSIS\Device\ST\STM32F0xx\Include

<h2>Collection of Component Files used:</h2>

   * Component: ARM::CMSIS:CORE:5.4.0
      Include file:  CMSIS\Core\Include\tz_context.h
Build Time Elapsed:  00:00:10
</pre>
</body>
</html>
