Component: ARM Compiler 5.06 update 7 (build 960) Tool: armlink [4d3601]

==============================================================================

Section Cross References

    startup_stm32f030x8.o(STACK) refers (Special) to heapauxi.o(.text) for __use_two_region_memory
    startup_stm32f030x8.o(HEAP) refers (Special) to heapauxi.o(.text) for __use_two_region_memory
    startup_stm32f030x8.o(RESET) refers (Special) to heapauxi.o(.text) for __use_two_region_memory
    startup_stm32f030x8.o(RESET) refers to startup_stm32f030x8.o(STACK) for __initial_sp
    startup_stm32f030x8.o(RESET) refers to startup_stm32f030x8.o(.text) for Reset_Handler
    startup_stm32f030x8.o(RESET) refers to stm32f0xx_it.o(i.NMI_Handler) for NMI_Handler
    startup_stm32f030x8.o(RESET) refers to stm32f0xx_it.o(i.HardFault_Handler) for HardFault_Handler
    startup_stm32f030x8.o(RESET) refers to stm32f0xx_it.o(i.SVC_Handler) for SVC_Handler
    startup_stm32f030x8.o(RESET) refers to stm32f0xx_it.o(i.PendSV_Handler) for PendSV_Handler
    startup_stm32f030x8.o(RESET) refers to stm32f0xx_it.o(i.SysTick_Handler) for SysTick_Handler
    startup_stm32f030x8.o(RESET) refers to stm32f0xx_it.o(i.I2C2_IRQHandler) for I2C2_IRQHandler
    startup_stm32f030x8.o(RESET) refers to stm32f0xx_it.o(i.USART1_IRQHandler) for USART1_IRQHandler
    startup_stm32f030x8.o(.text) refers (Special) to heapauxi.o(.text) for __use_two_region_memory
    startup_stm32f030x8.o(.text) refers to system_stm32f0xx.o(i.SystemInit) for SystemInit
    startup_stm32f030x8.o(.text) refers to __main.o(!!!main) for __main
    startup_stm32f030x8.o(.text) refers to startup_stm32f030x8.o(HEAP) for Heap_Mem
    startup_stm32f030x8.o(.text) refers to startup_stm32f030x8.o(STACK) for Stack_Mem
    main.o(i.Adjust_Vgs_Driver) refers to main.o(i.get_coeff_from_table) for get_coeff_from_table
    main.o(i.Adjust_Vgs_Driver) refers to faddsub.o(x$fpl$fsub) for __aeabi_fsub
    main.o(i.Adjust_Vgs_Driver) refers to fmul.o(x$fpl$fmul) for __aeabi_fmul
    main.o(i.Adjust_Vgs_Driver) refers to faddsub.o(x$fpl$fadd) for __aeabi_fadd
    main.o(i.Adjust_Vgs_Driver) refers to f2d.o(.text) for __aeabi_f2d
    main.o(i.Adjust_Vgs_Driver) refers to main.o(i.Debug_print) for Debug_print
    main.o(i.Adjust_Vgs_Driver) refers to ddiv.o(.text) for __aeabi_ddiv
    main.o(i.Adjust_Vgs_Driver) refers to dscalbn.o(.text) for __ARM_scalbn
    main.o(i.Adjust_Vgs_Driver) refers to dfixui.o(.text) for __aeabi_d2uiz
    main.o(i.Adjust_Vgs_Driver) refers to main.o(i.channle1_test) for channle1_test
    main.o(i.Adjust_Vgs_Driver) refers to main.o(.data) for .data
    main.o(i.Adjust_Vgs_Driver) refers to main.o(.bss) for .bss
    main.o(i.Adjust_Vgs_Main) refers to main.o(i.get_coeff_from_table) for get_coeff_from_table
    main.o(i.Adjust_Vgs_Main) refers to faddsub.o(x$fpl$fsub) for __aeabi_fsub
    main.o(i.Adjust_Vgs_Main) refers to fmul.o(x$fpl$fmul) for __aeabi_fmul
    main.o(i.Adjust_Vgs_Main) refers to faddsub.o(x$fpl$fadd) for __aeabi_fadd
    main.o(i.Adjust_Vgs_Main) refers to f2d.o(.text) for __aeabi_f2d
    main.o(i.Adjust_Vgs_Main) refers to main.o(i.Debug_print) for Debug_print
    main.o(i.Adjust_Vgs_Main) refers to ddiv.o(.text) for __aeabi_ddiv
    main.o(i.Adjust_Vgs_Main) refers to dscalbn.o(.text) for __ARM_scalbn
    main.o(i.Adjust_Vgs_Main) refers to dfixui.o(.text) for __aeabi_d2uiz
    main.o(i.Adjust_Vgs_Main) refers to main.o(i.channle1_test) for channle1_test
    main.o(i.Adjust_Vgs_Main) refers to main.o(.data) for .data
    main.o(i.Adjust_Vgs_Main) refers to main.o(.bss) for .bss
    main.o(i.Adjust_Vgs_Peak) refers to main.o(i.get_coeff_from_table) for get_coeff_from_table
    main.o(i.Adjust_Vgs_Peak) refers to faddsub.o(x$fpl$fsub) for __aeabi_fsub
    main.o(i.Adjust_Vgs_Peak) refers to fmul.o(x$fpl$fmul) for __aeabi_fmul
    main.o(i.Adjust_Vgs_Peak) refers to faddsub.o(x$fpl$fadd) for __aeabi_fadd
    main.o(i.Adjust_Vgs_Peak) refers to f2d.o(.text) for __aeabi_f2d
    main.o(i.Adjust_Vgs_Peak) refers to main.o(i.Debug_print) for Debug_print
    main.o(i.Adjust_Vgs_Peak) refers to ddiv.o(.text) for __aeabi_ddiv
    main.o(i.Adjust_Vgs_Peak) refers to dscalbn.o(.text) for __ARM_scalbn
    main.o(i.Adjust_Vgs_Peak) refers to dfixui.o(.text) for __aeabi_d2uiz
    main.o(i.Adjust_Vgs_Peak) refers to main.o(i.channle1_test) for channle1_test
    main.o(i.Adjust_Vgs_Peak) refers to main.o(.data) for .data
    main.o(i.Adjust_Vgs_Peak) refers to main.o(.bss) for .bss
    main.o(i.Close_PA) refers to stm32f0xx_hal_spi.o(i.HAL_SPI_Transmit) for HAL_SPI_Transmit
    main.o(i.Close_PA) refers to spi.o(.bss) for hspi2
    main.o(i.DSA_Adjust_Command) refers to rt_memcpy.o(.emb_text) for __aeabi_memcpy4
    main.o(i.DSA_Adjust_Command) refers to frlef.o(x$fpl$frleqf) for __aeabi_cfrcmple
    main.o(i.DSA_Adjust_Command) refers to stm32f0xx_hal_gpio.o(i.HAL_GPIO_WritePin) for HAL_GPIO_WritePin
[...]
    _printf_f                                0x08000147   Thumb Code     0  _printf_f.o(.ARM.Collect$$_printf_percent$$00000003)
    _printf_e                                0x08000151   Thumb Code     0  _printf_e.o(.ARM.Collect$$_printf_percent$$00000004)
    _printf_g                                0x0800015b   Thumb Code     0  _printf_g.o(.ARM.Collect$$_printf_percent$$00000005)
    _printf_a                                0x08000165   Thumb Code     0  _printf_a.o(.ARM.Collect$$_printf_percent$$00000006)
    _printf_ll                               0x0800016f   Thumb Code     0  _printf_ll.o(.ARM.Collect$$_printf_percent$$00000007)
    _printf_i                                0x08000179   Thumb Code     0  _printf_i.o(.ARM.Collect$$_printf_percent$$00000008)
    _printf_d                                0x08000183   Thumb Code     0  _printf_d.o(.ARM.Collect$$_printf_percent$$00000009)
    _printf_u                                0x0800018d   Thumb Code     0  _printf_u.o(.ARM.Collect$$_printf_percent$$0000000A)
    _printf_o                                0x08000197   Thumb Code     0  _printf_o.o(.ARM.Collect$$_printf_percent$$0000000B)
    _printf_x                                0x080001a1   Thumb Code     0  _printf_x.o(.ARM.Collect$$_printf_percent$$0000000C)
    _printf_lli                              0x080001ab   Thumb Code     0  _printf_lli.o(.ARM.Collect$$_printf_percent$$0000000D)
    _printf_lld                              0x080001b5   Thumb Code     0  _printf_lld.o(.ARM.Collect$$_printf_percent$$0000000E)
    _printf_llu                              0x080001bf   Thumb Code     0  _printf_llu.o(.ARM.Collect$$_printf_percent$$0000000F)
    _printf_llo                              0x080001c9   Thumb Code     0  _printf_llo.o(.ARM.Collect$$_printf_percent$$00000010)
    _printf_llx                              0x080001d3   Thumb Code     0  _printf_llx.o(.ARM.Collect$$_printf_percent$$00000011)
    _printf_l                                0x080001dd   Thumb Code     0  _printf_l.o(.ARM.Collect$$_printf_percent$$00000012)
    _printf_c                                0x080001e7   Thumb Code     0  _printf_c.o(.ARM.Collect$$_printf_percent$$00000013)
    _printf_s                                0x080001f1   Thumb Code     0  _printf_s.o(.ARM.Collect$$_printf_percent$$00000014)
    _printf_lc                               0x080001fb   Thumb Code     0  _printf_lc.o(.ARM.Collect$$_printf_percent$$00000015)
    _printf_ls                               0x08000205   Thumb Code     0  _printf_ls.o(.ARM.Collect$$_printf_percent$$00000016)
    _printf_percent_end                      0x0800020f   Thumb Code     0  _printf_percent_end.o(.ARM.Collect$$_printf_percent$$00000017)
    __rt_lib_init                            0x08000213   Thumb Code     0  libinit.o(.ARM.Collect$$libinit$$00000000)
    __rt_lib_init_fp_1                       0x08000215   Thumb Code     0  libinit2.o(.ARM.Collect$$libinit$$00000002)
    __rt_lib_init_heap_1                     0x08000215   Thumb Code     0  libinit2.o(.ARM.Collect$$libinit$$0000000A)
    __rt_lib_init_lc_common                  0x08000215   Thumb Code     0  libinit2.o(.ARM.Collect$$libinit$$0000000F)
    __rt_lib_init_preinit_1                  0x08000215   Thumb Code     0  libinit2.o(.ARM.Collect$$libinit$$00000004)
    __rt_lib_init_rand_1                     0x08000215   Thumb Code     0  libinit2.o(.ARM.Collect$$libinit$$0000000E)
    __rt_lib_init_user_alloc_1               0x08000215   Thumb Code     0  libinit2.o(.ARM.Collect$$libinit$$0000000C)
    __rt_lib_init_lc_collate_1               0x0800021b   Thumb Code     0  libinit2.o(.ARM.Collect$$libinit$$00000011)
    __rt_lib_init_lc_ctype_2                 0x0800021b   Thumb Code     0  libinit2.o(.ARM.Collect$$libinit$$00000012)
    __rt_lib_init_lc_ctype_1                 0x08000227   Thumb Code     0  libinit2.o(.ARM.Collect$$libinit$$00000013)
    __rt_lib_init_lc_monetary_1              0x08000227   Thumb Code     0  libinit2.o(.ARM.Collect$$libinit$$00000015)
    __rt_lib_init_lc_numeric_2               0x08000227   Thumb Code     0  libinit2.o(.ARM.Collect$$libinit$$00000016)
    __rt_lib_init_alloca_1                   0x08000231   Thumb Code     0  libinit2.o(.ARM.Collect$$libinit$$0000002E)
    __rt_lib_init_argv_1                     0x08000231   Thumb Code     0  libinit2.o(.ARM.Collect$$libinit$$0000002C)
    __rt_lib_init_atexit_1                   0x08000231   Thumb Code     0  libinit2.o(.ARM.Collect$$libinit$$0000001B)
    __rt_lib_init_clock_1                    0x08000231   Thumb Code     0  libinit2.o(.ARM.Collect$$libinit$$00000021)
    __rt_lib_init_cpp_1                      0x08000231   Thumb Code     0  libinit2.o(.ARM.Collect$$libinit$$00000032)
    __rt_lib_init_exceptions_1               0x08000231   Thumb Code     0  libinit2.o(.ARM.Collect$$libinit$$00000030)
    __rt_lib_init_fp_trap_1                  0x08000231   Thumb Code     0  libinit2.o(.ARM.Collect$$libinit$$0000001F)
    __rt_lib_init_getenv_1                   0x08000231   Thumb Code     0  libinit2.o(.ARM.Collect$$libinit$$00000023)
    __rt_lib_init_lc_numeric_1               0x08000231   Thumb Code     0  libinit2.o(.ARM.Collect$$libinit$$00000017)
    __rt_lib_init_lc_time_1                  0x08000231   Thumb Code     0  libinit2.o(.ARM.Collect$$libinit$$00000019)
    __rt_lib_init_return                     0x08000231   Thumb Code     0  libinit2.o(.ARM.Collect$$libinit$$00000033)
    __rt_lib_init_signal_1                   0x08000231   Thumb Code     0  libinit2.o(.ARM.Collect$$libinit$$0000001D)
    __rt_lib_init_stdio_1                    0x08000231   Thumb Code     0  libinit2.o(.ARM.Collect$$libinit$$00000025)
    __rt_lib_shutdown                        0x08000233   Thumb Code     0  libshutdown.o(.ARM.Collect$$libshutdown$$00000000)
    __rt_lib_shutdown_cpp_1                  0x08000235   Thumb Code     0  libshutdown2.o(.ARM.Collect$$libshutdown$$00000004)
    __rt_lib_shutdown_fini_1                 0x08000235   Thumb Code     0  libshutdown2.o(.ARM.Collect$$libshutdown$$00000002)
    __rt_lib_shutdown_fp_trap_1              0x08000235   Thumb Code     0  libshutdown2.o(.ARM.Collect$$libshutdown$$00000009)
    __rt_lib_shutdown_heap_1                 0x08000235   Thumb Code     0  libshutdown2.o(.ARM.Collect$$libshutdown$$00000011)
    __rt_lib_shutdown_return                 0x08000235   Thumb Code     0  libshutdown2.o(.ARM.Collect$$libshutdown$$00000012)
    __rt_lib_shutdown_signal_1               0x08000235   Thumb Code     0  libshutdown2.o(.ARM.Collect$$libshutdown$$0000000C)
    __rt_lib_shutdown_stdio_1                0x08000235   Thumb Code     0  libshutdown2.o(.ARM.Collect$$libshutdown$$00000006)
    __rt_lib_shutdown_user_alloc_1           0x08000235   Thumb Code     0  libshutdown2.o(.ARM.Collect$$libshutdown$$0000000E)
    __rt_entry                               0x08000237   Thumb Code     0  __rtentry.o(.ARM.Collect$$rtentry$$00000000)
    __rt_entry_presh_1                       0x08000237   Thumb Code     0  __rtentry2.o(.ARM.Collect$$rtentry$$00000002)
    __rt_entry_sh                            0x08000237   Thumb Code     0  __rtentry4.o(.ARM.Collect$$rtentry$$00000004)
    __rt_entry_li                            0x0800023d   Thumb Code     0  __rtentry2.o(.ARM.Collect$$rtentry$$0000000A)
    __rt_entry_postsh_1                      0x0800023d   Thumb Code     0  __rtentry2.o(.ARM.Collect$$rtentry$$00000009)
    __rt_entry_main                          0x08000241   Thumb Code     0  __rtentry2.o(.ARM.Collect$$rtentry$$0000000D)
    __rt_entry_postli_1                      0x08000241   Thumb Code     0  __rtentry2.o(.ARM.Collect$$rtentry$$0000000C)
    __rt_exit                                0x08000249   Thumb Code     0  rtexit.o(.ARM.Collect$$rtexit$$00000000)
    __rt_exit_ls                             0x0800024b   Thumb Code     0  rtexit2.o(.ARM.Collect$$rtexit$$00000003)
    __rt_exit_prels_1                        0x0800024b   Thumb Code     0  rtexit2.o(.ARM.Collect$$rtexit$$00000002)
    __rt_exit_exit                           0x0800024f   Thumb Code     0  rtexit2.o(.ARM.Collect$$rtexit$$00000004)
    __aeabi_memcpy4                          0x08000255   Thumb Code    56  rt_memcpy.o(.emb_text)
    __aeabi_memcpy8                          0x08000255   Thumb Code     0  rt_memcpy.o(.emb_text)
    Reset_Handler                            0x0800028d   Thumb Code     8  startup_stm32f030x8.o(.text)
    ADC1_IRQHandler                          0x0800029f   Thumb Code     0  startup_stm32f030x8.o(.text)
    DMA1_Channel1_IRQHandler                 0x0800029f   Thumb Code     0  startup_stm32f030x8.o(.text)
    DMA1_Channel2_3_IRQHandler               0x0800029f   Thumb Code     0  startup_stm32f030x8.o(.text)
    DMA1_Channel4_5_IRQHandler               0x0800029f   Thumb Code     0  startup_stm32f030x8.o(.text)
    EXTI0_1_IRQHandler                       0x0800029f   Thumb Code     0  startup_stm32f030x8.o(.text)
    EXTI2_3_IRQHandler                       0x0800029f   Thumb Code     0  startup_stm32f030x8.o(.text)
    EXTI4_15_IRQHandler                      0x0800029f   Thumb Code     0  startup_stm32f030x8.o(.text)
    FLASH_IRQHandler                         0x0800029f   Thumb Code     0  startup_stm32f030x8.o(.text)
    I2C1_IRQHandler                          0x0800029f   Thumb Code     0  startup_stm32f030x8.o(.text)
    RCC_IRQHandler                           0x0800029f   Thumb Code     0  startup_stm32f030x8.o(.text)
    RTC_IRQHandler                           0x0800029f   Thumb Code     0  startup_stm32f030x8.o(.text)
    SPI1_IRQHandler                          0x0800029f   Thumb Code     0  startup_stm32f030x8.o(.text)
    SPI2_IRQHandler                          0x0800029f   Thumb Code     0  startup_stm32f030x8.o(.text)
    TIM14_IRQHandler                         0x0800029f   Thumb Code     0  startup_stm32f030x8.o(.text)
    TIM15_IRQHandler                         0x0800029f   Thumb Code     0  startup_stm32f030x8.o(.text)
    TIM16_IRQHandler                         0x0800029f   Thumb Code     0  startup_stm32f030x8.o(.text)
    TIM17_IRQHandler                         0x0800029f   Thumb Code     0  startup_stm32f030x8.o(.text)
    TIM1_BRK_UP_TRG_COM_IRQHandler           0x0800029f   Thumb Code     0  startup_stm32f030x8.o(.text)
    TIM1_CC_IRQHandler                       0x0800029f   Thumb Code     0  startup_stm32f030x8.o(.text)
    TIM3_IRQHandler                          0x0800029f   Thumb Code     0  startup_stm32f030x8.o(.text)
    TIM6_IRQHandler                          0x0800029f   Thumb Code     0  startup_stm32f030x8.o(.text)
    USART2_IRQHandler                        0x0800029f   Thumb Code     0  startup_stm32f030x8.o(.text)
    WWDG_IRQHandler                          0x0800029f   Thumb Code     0  startup_stm32f030x8.o(.text)
    __user_initial_stackheap                 0x080002a1   Thumb Code     0  startup_stm32f030x8.o(.text)
    __aeabi_uldivmod                         0x080002c5   Thumb Code   258  lludiv.o(.text)
    _ll_udiv                                 0x080002c5   Thumb Code     0  lludiv.o(.text)
    vsnprintf                                0x080003c9   Thumb Code    50  vsnprintf.o(.text)
    __0sscanf                                0x08000401   Thumb Code    54  __0sscanf.o(.text)
    _scanf_string                            0x08000441   Thumb Code   232  _scanf_str.o(.text)
    strlen                                   0x08000529   Thumb Code    62  strlen.o(.text)
    _memset_w                                0x0800056d   Thumb Code    26  rt_memclr.o(.text)
    _memset                                  0x08000587   Thumb Code    30  rt_memclr.o(.text)
    __aeabi_memclr                           0x080005a5   Thumb Code     4  rt_memclr.o(.text)
    __rt_memclr                              0x080005a5   Thumb Code     0  rt_memclr.o(.text)
    __aeabi_memclr4                          0x080005a9   Thumb Code     0  rt_memclr.o(.text)
    __aeabi_memclr8                          0x080005a9   Thumb Code     0  rt_memclr.o(.text)
    __rt_memclr_w                            0x080005a9   Thumb Code     4  rt_memclr.o(.text)
    strcmp                                   0x080005ad   Thumb Code   132  strcmp.o(.text)
    __aeabi_uidiv                            0x08000635   Thumb Code     0  aeabi_sdiv.o(.text)
    __aeabi_uidivmod                         0x08000635   Thumb Code    20  aeabi_sdiv.o(.text)
    __aeabi_idiv                             0x08000649   Thumb Code     0  aeabi_sdiv.o(.text)
    __aeabi_idivmod                          0x08000649   Thumb Code   326  aeabi_sdiv.o(.text)
    __use_two_region_memory                  0x0800078f   Thumb Code     2  heapauxi.o(.text)
    __rt_heap_escrow$2region                 0x08000791   Thumb Code     2  heapauxi.o(.text)
    __rt_heap_expand$2region                 0x08000793   Thumb Code     2  heapauxi.o(.text)
    __aeabi_d2f                              0x08000795   Thumb Code     0  d2f.o(.text)
    _d2f                                     0x08000795   Thumb Code   120  d2f.o(.text)
    __aeabi_dadd                             0x08000b09   Thumb Code     0  daddsub.o(.text)
    _dadd                                    0x08000b09   Thumb Code    26  daddsub.o(.text)
    __aeabi_dsub                             0x08000b23   Thumb Code     0  daddsub.o(.text)
    _dsub                                    0x08000b23   Thumb Code    22  daddsub.o(.text)
    __aeabi_drsub                            0x08000b39   Thumb Code     0  daddsub.o(.text)
    _drsb                                    0x08000b39   Thumb Code    28  daddsub.o(.text)
    __aeabi_ddiv                             0x08000b69   Thumb Code     0  ddiv.o(.text)
    _ddiv                                    0x08000b69   Thumb Code  1072  ddiv.o(.text)
    _drdiv                                   0x08000f99   Thumb Code    20  ddiv.o(.text)
    __aeabi_d2uiz                            0x08000fb1   Thumb Code     0  dfixui.o(.text)
    _dfixu                                   0x08000fb1   Thumb Code    68  dfixui.o(.text)
    __aeabi_i2d_normalise                    0x08000ff9   Thumb Code    66  dflti.o(.text)
    __aeabi_i2d                              0x0800103b   Thumb Code    16  dflti.o(.text)
    _dflt                                    0x0800103b   Thumb Code     0  dflti.o(.text)
    __aeabi_ui2d                             0x0800104b   Thumb Code     6  dflti.o(.text)
    _dfltu                                   0x0800104b   Thumb Code     0  dflti.o(.text)
    __aeabi_dmul                             0x08001051   Thumb Code     0  dmul.o(.text)
    _dmul                                    0x08001051   Thumb Code   558  dmul.o(.text)
    __ARM_scalbn                             0x08001299   Thumb Code    84  dscalbn.o(.text)
    __aeabi_f2d                              0x080012f9   Thumb Code     0  f2d.o(.text)
    _f2d                                     0x080012f9   Thumb Code    80  f2d.o(.text)
    __aeabi_f2uiz                            0x0800134d   Thumb Code     0  ffixui.o(.text)
    _ffixu                                   0x0800134d   Thumb Code    48  ffixui.o(.text)
    __aeabi_i2f_normalise                    0x0800137d   Thumb Code    72  fflti.o(.text)
    __aeabi_i2f                              0x080013c5   Thumb Code    16  fflti.o(.text)
    _fflt                                    0x080013c5   Thumb Code     0  fflti.o(.text)
    __aeabi_ui2f                             0x080013d5   Thumb Code     6  fflti.o(.text)
    _ffltu                                   0x080013d5   Thumb Code     0  fflti.o(.text)
    _printf_pre_padding                      0x080013db   Thumb Code    44  _printf_pad.o(.text)
    _printf_post_padding                     0x08001407   Thumb Code    34  _printf_pad.o(.text)
    _printf_truncate_signed                  0x08001429   Thumb Code    18  _printf_truncate.o(.text)
    _printf_truncate_unsigned                0x0800143b   Thumb Code    18  _printf_truncate.o(.text)
    _printf_str                              0x0800144d   Thumb Code    82  _printf_str.o(.text)
    _printf_int_dec                          0x080014a1   Thumb Code    90  _printf_dec.o(.text)
    _printf_charcount                        0x0800150d   Thumb Code    38  _printf_charcount.o(.text)
    _printf_char_common                      0x0800153f   Thumb Code    32  _printf_char_common.o(.text)
    _sputc                                   0x08001565   Thumb Code    10  _sputc.o(.text)
    _snputc                                  0x0800156f   Thumb Code    16  _snputc.o(.text)
    _printf_wctomb                           0x08001581   Thumb Code   182  _printf_wctomb.o(.text)
    _printf_longlong_dec                     0x0800163d   Thumb Code    94  _printf_longlong_dec.o(.text)
    _printf_longlong_oct                     0x080016ad   Thumb Code    68  _printf_oct_int_ll.o(.text)
    _printf_int_oct                          0x080016f1   Thumb Code    24  _printf_oct_int_ll.o(.text)
    _printf_ll_oct                           0x08001709   Thumb Code    10  _printf_oct_int_ll.o(.text)
    _printf_longlong_hex                     0x0800171d   Thumb Code    88  _printf_hex_int_ll_ptr.o(.text)
    _printf_int_hex                          0x08001775   Thumb Code    28  _printf_hex_int_ll_ptr.o(.text)
    _printf_ll_hex                           0x08001791   Thumb Code    10  _printf_hex_int_ll_ptr.o(.text)
    _printf_hex_ptr                          0x0800179b   Thumb Code    22  _printf_hex_int_ll_ptr.o(.text)
    __printf                                 0x080017b5   Thumb Code   386  __printf_flags_ss_wp.o(.text)
    _scanf_really_real                       0x08001b97   Thumb Code   710  scanf_fp.o(.text)
    __vfscanf_char                           0x08001e69   Thumb Code    28  scanf_char.o(.text)
    _sgetc                                   0x08001e8d   Thumb Code    32  _sgetc.o(.text)
    _sbackspace                              0x08001ead   Thumb Code    36  _sgetc.o(.text)
    __fpl_fcmp_InfNaN                        0x08001ed1   Thumb Code    96  fcmpin.o(.text)
    __rt_locale                              0x08001f35   Thumb Code     8  rt_locale_intlibspace.o(.text)
    __aeabi_errno_addr                       0x08001f3d   Thumb Code     8  rt_errno_addr_intlibspace.o(.text)
    __errno$intlibspace                      0x08001f3d   Thumb Code     0  rt_errno_addr_intlibspace.o(.text)
    __rt_errno_addr$intlibspace              0x08001f3d   Thumb Code     0  rt_errno_addr_intlibspace.o(.text)
    __aeabi_lmul                             0x08001f45   Thumb Code    48  llmul.o(.text)
    _ll_mul                                  0x08001f45   Thumb Code     0  llmul.o(.text)
    _ll_udiv10                               0x08001f75   Thumb Code   122  lludiv10.o(.text)
    isspace                                  0x08001fef   Thumb Code    18  isspace.o(.text)
    _printf_int_common                       0x08002001   Thumb Code   176  _printf_intcommon.o(.text)
    __lib_sel_fp_printf                      0x080020b1   Thumb Code     2  _printf_fp_dec.o(.text)
    _printf_fp_dec_real                      0x0800224f   Thumb Code   620  _printf_fp_dec.o(.text)
    _printf_fp_hex_real                      0x080024c9   Thumb Code   718  _printf_fp_hex.o(.text)
    _printf_cs_common                        0x080027a1   Thumb Code    22  _printf_char.o(.text)
    _printf_char                             0x080027b7   Thumb Code    16  _printf_char.o(.text)
    _printf_string                           0x080027c7   Thumb Code     8  _printf_char.o(.text)
    _printf_lcs_common                       0x080027cf   Thumb Code    22  _printf_wchar.o(.text)
    _printf_wchar                            0x080027e5   Thumb Code    16  _printf_wchar.o(.text)
    _printf_wstring                          0x080027f5   Thumb Code     8  _printf_wchar.o(.text)
    __vfscanf                                0x080027fd   Thumb Code   900  _scanf.o(.text)
    _btod_etento                             0x08002b91   Thumb Code   210  bigflt0.o(.text)
    _btod_d2e                                0x08002c69   Thumb Code    64  btod.o(.text)
    _btod_emul                               0x0800309d   Thumb Code    28  btod.o(.text)
    _btod_emuld                              0x080030b9   Thumb Code   144  btod.o(.text)
    _btod_ediv                               0x08003149   Thumb Code    26  btod.o(.text)
    _btod_edivd                              0x08003163   Thumb Code   124  btod.o(.text)
    _wcrtomb                                 0x080031e9   Thumb Code    64  _wcrtomb.o(.text)
    __rt_udiv10                              0x08003229   Thumb Code    40  rtudiv10.o(.text)
    __fpl_cmpreturn                          0x08003251   Thumb Code    46  cmpret.o(.text)
    __fpl_fcheck_NaN2                        0x08003281   Thumb Code    10  fnan2.o(.text)
    __user_libspace                          0x08003291   Thumb Code     8  libspace.o(.text)
    __user_perproc_libspace                  0x08003291   Thumb Code     0  libspace.o(.text)
    __user_perthread_libspace                0x08003291   Thumb Code     0  libspace.o(.text)
    __user_setup_stackheap                   0x08003299   Thumb Code    62  sys_stackheap_outer.o(.text)
    __rt_ctype_table                         0x080032d9   Thumb Code    16  rt_ctype_table.o(.text)
    __read_errno                             0x080032e9   Thumb Code    10  _rserrno.o(.text)
    __set_errno                              0x080032f3   Thumb Code    12  _rserrno.o(.text)
    _printf_fp_infnan                        0x08003301   Thumb Code   120  _printf_fp_infnan.o(.text)
    _scanf_really_hex_real                   0x08003389   Thumb Code   806  scanf_hexfp.o(.text)
    _scanf_really_infnan                     0x080036bd   Thumb Code   300  scanf_infnan.o(.text)
    exit                                     0x080037f9   Thumb Code    16  exit.o(.text)
    __fpl_return_NaN                         0x08003809   Thumb Code    94  retnan.o(.text)
    __aeabi_llsl                             0x08003867   Thumb Code    32  llshl.o(.text)
    _ll_shift_l                              0x08003867   Thumb Code     0  llshl.o(.text)
    _chval                                   0x08003887   Thumb Code    30  _chval.o(.text)
    __fpl_dcmp_InfNaN                        0x080038a5   Thumb Code   140  dcmpin.o(.text)
    _sys_exit                                0x08003935   Thumb Code     8  sys_exit.o(.text)
    __fpl_dcheck_NaN2                        0x08003941   Thumb Code    14  dnan2.o(.text)
    __I$use$semihosting                      0x08003955   Thumb Code     0  use_no_semi.o(.text)
    __use_no_semihosting_swi                 0x08003955   Thumb Code     2  use_no_semi.o(.text)
    __semihosting_library_function           0x08003957   Thumb Code     0  indicate_semi.o(.text)
    Adjust_Vgs_Driver                        0x080039e9   Thumb Code   126  main.o(i.Adjust_Vgs_Driver)
    Adjust_Vgs_Main                          0x08003af1   Thumb Code   126  main.o(i.Adjust_Vgs_Main)
    Adjust_Vgs_Peak                          0x08003bf5   Thumb Code   126  main.o(i.Adjust_Vgs_Peak)
    DSA_Adjust_Command                       0x08003cf9   Thumb Code   116  main.o(i.DSA_Adjust_Command)
    DSA_Status                               0x08003d75   Thumb Code    72  main.o(i.DSA_Status)
    Debug_print                              0x08003dc1   Thumb Code    46  main.o(i.Debug_print)
    Error_Handler                            0x08003df5   Thumb Code     4  main.o(i.Error_Handler)
    HAL_ADC_ConfigChannel                    0x08003df9   Thumb Code   254  stm32f0xx_hal_adc.o(i.HAL_ADC_ConfigChannel)
    HAL_ADC_GetValue                         0x08003f09   Thumb Code     6  stm32f0xx_hal_adc.o(i.HAL_ADC_GetValue)
    HAL_ADC_Init                             0x08003f11   Thumb Code   366  stm32f0xx_hal_adc.o(i.HAL_ADC_Init)
    HAL_ADC_MspInit                          0x08004089   Thumb Code    78  adc.o(i.HAL_ADC_MspInit)
    HAL_ADC_PollForConversion                0x080040e1   Thumb Code   198  stm32f0xx_hal_adc.o(i.HAL_ADC_PollForConversion)
    HAL_ADC_Start                            0x080041a9   Thumb Code    86  stm32f0xx_hal_adc.o(i.HAL_ADC_Start)
    HAL_DMA_Abort                            0x08004205   Thumb Code    64  stm32f0xx_hal_dma.o(i.HAL_DMA_Abort)
    HAL_DMA_Abort_IT                         0x08004245   Thumb Code    72  stm32f0xx_hal_dma.o(i.HAL_DMA_Abort_IT)
    HAL_DMA_GetState                         0x0800428d   Thumb Code     6  stm32f0xx_hal_dma.o(i.HAL_DMA_GetState)
    HAL_Delay                                0x08004295   Thumb Code    32  stm32f0xx_hal.o(i.HAL_Delay)
    HAL_GPIO_Init                            0x080042b9   Thumb Code   396  stm32f0xx_hal_gpio.o(i.HAL_GPIO_Init)
    HAL_GPIO_ReadPin                         0x0800445d   Thumb Code    10  stm32f0xx_hal_gpio.o(i.HAL_GPIO_ReadPin)
    HAL_GPIO_WritePin                        0x08004467   Thumb Code    12  stm32f0xx_hal_gpio.o(i.HAL_GPIO_WritePin)
    HAL_GetTick                              0x08004475   Thumb Code     6  stm32f0xx_hal.o(i.HAL_GetTick)
    HAL_I2CEx_ConfigAnalogFilter             0x08004481   Thumb Code    74  stm32f0xx_hal_i2c_ex.o(i.HAL_I2CEx_ConfigAnalogFilter)
    HAL_I2CEx_ConfigDigitalFilter            0x080044cb   Thumb Code    72  stm32f0xx_hal_i2c_ex.o(i.HAL_I2CEx_ConfigDigitalFilter)
    HAL_I2C_AbortCpltCallback                0x08004513   Thumb Code     2  stm32f0xx_hal_i2c.o(i.HAL_I2C_AbortCpltCallback)
    HAL_I2C_AddrCallback                     0x08004515   Thumb Code   128  i2c.o(i.HAL_I2C_AddrCallback)
    HAL_I2C_ER_IRQHandler                    0x080045a5   Thumb Code    94  stm32f0xx_hal_i2c.o(i.HAL_I2C_ER_IRQHandler)
    HAL_I2C_EV_IRQHandler                    0x08004603   Thumb Code    16  stm32f0xx_hal_i2c.o(i.HAL_I2C_EV_IRQHandler)
    HAL_I2C_EnableListen_IT                  0x08004615   Thumb Code    36  stm32f0xx_hal_i2c.o(i.HAL_I2C_EnableListen_IT)
    HAL_I2C_ErrorCallback                    0x0800463d   Thumb Code    20  i2c.o(i.HAL_I2C_ErrorCallback)
    HAL_I2C_GetError                         0x08004655   Thumb Code     4  stm32f0xx_hal_i2c.o(i.HAL_I2C_GetError)
    HAL_I2C_Init                             0x08004659   Thumb Code   176  stm32f0xx_hal_i2c.o(i.HAL_I2C_Init)
    HAL_I2C_ListenCpltCallback               0x0800470d   Thumb Code    14  i2c.o(i.HAL_I2C_ListenCpltCallback)
    HAL_I2C_MasterRxCpltCallback             0x08004721   Thumb Code     2  stm32f0xx_hal_i2c.o(i.HAL_I2C_MasterRxCpltCallback)
    HAL_I2C_MasterTxCpltCallback             0x08004723   Thumb Code     2  stm32f0xx_hal_i2c.o(i.HAL_I2C_MasterTxCpltCallback)
    HAL_I2C_Master_Receive                   0x08004725   Thumb Code   262  stm32f0xx_hal_i2c.o(i.HAL_I2C_Master_Receive)
    HAL_I2C_MemRxCpltCallback                0x08004835   Thumb Code     2  stm32f0xx_hal_i2c.o(i.HAL_I2C_MemRxCpltCallback)
    HAL_I2C_MemTxCpltCallback                0x08004837   Thumb Code     2  stm32f0xx_hal_i2c.o(i.HAL_I2C_MemTxCpltCallback)
    HAL_I2C_MspInit                          0x08004839   Thumb Code   150  i2c.o(i.HAL_I2C_MspInit)
    HAL_I2C_SlaveRxCpltCallback              0x080048e5   Thumb Code    86  i2c.o(i.HAL_I2C_SlaveRxCpltCallback)
    HAL_I2C_SlaveTxCpltCallback              0x08004945   Thumb Code    28  i2c.o(i.HAL_I2C_SlaveTxCpltCallback)
    HAL_I2C_Slave_Seq_Receive_IT             0x08004969   Thumb Code   190  stm32f0xx_hal_i2c.o(i.HAL_I2C_Slave_Seq_Receive_IT)
    HAL_I2C_Slave_Seq_Transmit_IT            0x08004a35   Thumb Code   194  stm32f0xx_hal_i2c.o(i.HAL_I2C_Slave_Seq_Transmit_IT)
    HAL_IncTick                              0x08004b05   Thumb Code    12  stm32f0xx_hal.o(i.HAL_IncTick)
    HAL_Init                                 0x08004b15   Thumb Code    26  stm32f0xx_hal.o(i.HAL_Init)
    HAL_InitTick                             0x08004b35   Thumb Code    58  stm32f0xx_hal.o(i.HAL_InitTick)
    HAL_MspInit                              0x08004b79   Thumb Code    34  stm32f0xx_hal_msp.o(i.HAL_MspInit)
    HAL_NVIC_EnableIRQ                       0x08004ba1   Thumb Code    18  stm32f0xx_hal_cortex.o(i.HAL_NVIC_EnableIRQ)
    HAL_NVIC_SetPriority                     0x08004bb9   Thumb Code     8  stm32f0xx_hal_cortex.o(i.HAL_NVIC_SetPriority)
    HAL_RCCEx_PeriphCLKConfig                0x08004bc1   Thumb Code   218  stm32f0xx_hal_rcc_ex.o(i.HAL_RCCEx_PeriphCLKConfig)
    HAL_RCC_ClockConfig                      0x08004ca9   Thumb Code   242  stm32f0xx_hal_rcc.o(i.HAL_RCC_ClockConfig)
    HAL_RCC_GetPCLK1Freq                     0x08004db1   Thumb Code    20  stm32f0xx_hal_rcc.o(i.HAL_RCC_GetPCLK1Freq)
    HAL_RCC_GetSysClockFreq                  0x08004dd1   Thumb Code    84  stm32f0xx_hal_rcc.o(i.HAL_RCC_GetSysClockFreq)
    HAL_RCC_OscConfig                        0x08004e51   Thumb Code   890  stm32f0xx_hal_rcc.o(i.HAL_RCC_OscConfig)
    HAL_SPI_Init                             0x080051d9   Thumb Code   238  stm32f0xx_hal_spi.o(i.HAL_SPI_Init)
    HAL_SPI_MspInit                          0x080052c9   Thumb Code   160  spi.o(i.HAL_SPI_MspInit)
    HAL_SPI_Transmit                         0x08005379   Thumb Code   352  stm32f0xx_hal_spi.o(i.HAL_SPI_Transmit)
    HAL_SYSTICK_Config                       0x080054d9   Thumb Code    38  stm32f0xx_hal_cortex.o(i.HAL_SYSTICK_Config)
    HAL_UARTEx_RxEventCallback               0x08005509   Thumb Code     2  stm32f0xx_hal_uart.o(i.HAL_UARTEx_RxEventCallback)
    HAL_UART_ErrorCallback                   0x0800550b   Thumb Code     2  stm32f0xx_hal_uart.o(i.HAL_UART_ErrorCallback)
    HAL_UART_IRQHandler                      0x0800550d   Thumb Code   640  stm32f0xx_hal_uart.o(i.HAL_UART_IRQHandler)
    HAL_UART_Init                            0x08005799   Thumb Code   106  stm32f0xx_hal_uart.o(i.HAL_UART_Init)
    HAL_UART_MspInit                         0x08005805   Thumb Code   106  usart.o(i.HAL_UART_MspInit)
    HAL_UART_Receive_IT                      0x08005879   Thumb Code   100  stm32f0xx_hal_uart.o(i.HAL_UART_Receive_IT)
    HAL_UART_RxCpltCallback                  0x080058dd   Thumb Code    66  main.o(i.HAL_UART_RxCpltCallback)
    HAL_UART_Transmit                        0x08005931   Thumb Code   210  stm32f0xx_hal_uart.o(i.HAL_UART_Transmit)
    HAL_UART_TxCpltCallback                  0x08005a03   Thumb Code     2  stm32f0xx_hal_uart.o(i.HAL_UART_TxCpltCallback)
    HardFault_Handler                        0x08005a05   Thumb Code     2  stm32f0xx_it.o(i.HardFault_Handler)
    I2C2_IRQHandler                          0x08005a09   Thumb Code    28  stm32f0xx_it.o(i.I2C2_IRQHandler)
    MX_ADC_Init                              0x080064f1   Thumb Code    96  adc.o(i.MX_ADC_Init)
    MX_GPIO_Init                             0x08006559   Thumb Code   146  gpio.o(i.MX_GPIO_Init)
    MX_I2C1_Init                             0x080065f9   Thumb Code    78  i2c.o(i.MX_I2C1_Init)
    MX_I2C2_Init                             0x08006655   Thumb Code    80  i2c.o(i.MX_I2C2_Init)
    MX_SPI1_Init                             0x080066b1   Thumb Code    66  spi.o(i.MX_SPI1_Init)
    MX_SPI2_Init                             0x080066fd   Thumb Code    70  spi.o(i.MX_SPI2_Init)
    MX_USART1_UART_Init                      0x0800674d   Thumb Code    48  usart.o(i.MX_USART1_UART_Init)
    NMI_Handler                              0x08006785   Thumb Code     2  stm32f0xx_it.o(i.NMI_Handler)
    Open_PA                                  0x08006789   Thumb Code    84  main.o(i.Open_PA)
    Parse_Command                            0x080067ed   Thumb Code  3022  main.o(i.Parse_Command)
    PendSV_Handler                           0x08007549   Thumb Code     2  stm32f0xx_it.o(i.PendSV_Handler)
    Read_Temperature                         0x0800754d   Thumb Code    74  i2c.o(i.Read_Temperature)
    SVC_Handler                              0x08007795   Thumb Code     2  stm32f0xx_it.o(i.SVC_Handler)
    SysTick_Handler                          0x08007797   Thumb Code     8  stm32f0xx_it.o(i.SysTick_Handler)
    SystemClock_Config                       0x0800779f   Thumb Code   114  main.o(i.SystemClock_Config)
    SystemInit                               0x08007811   Thumb Code     2  system_stm32f0xx.o(i.SystemInit)
    Tor_Switch                               0x08007815   Thumb Code   116  main.o(i.Tor_Switch)
    UART_AdvFeatureConfig                    0x0800789d   Thumb Code   202  stm32f0xx_hal_uart.o(i.UART_AdvFeatureConfig)
    UART_CheckIdleState                      0x08007969   Thumb Code    94  stm32f0xx_hal_uart.o(i.UART_CheckIdleState)
    UART_SetConfig                           0x08007b91   Thumb Code   282  stm32f0xx_hal_uart.o(i.UART_SetConfig)
    UART_Start_Receive_IT                    0x08007cc5   Thumb Code   142  stm32f0xx_hal_uart.o(i.UART_Start_Receive_IT)
    UART_WaitOnFlagUntilTimeout              0x08007d61   Thumb Code   212  stm32f0xx_hal_uart.o(i.UART_WaitOnFlagUntilTimeout)
    USART1_IRQHandler                        0x08007e35   Thumb Code    10  stm32f0xx_it.o(i.USART1_IRQHandler)
    __ARM_common_ll_muluu                    0x08007e45   Thumb Code    48  stm32f0xx_hal_rcc.o(i.__ARM_common_ll_muluu)
    __ARM_fpclassify                         0x08007e75   Thumb Code    40  fpclassify.o(i.__ARM_fpclassify)
    __mathlib_dbl_overflow                   0x08007ee5   Thumb Code    16  dunder.o(i.__mathlib_dbl_overflow)
    __mathlib_dbl_underflow                  0x08007ef9   Thumb Code    14  dunder.o(i.__mathlib_dbl_underflow)
    __mathlib_narrow                         0x08007f0d   Thumb Code    16  narrow.o(i.__mathlib_narrow)
    __mathlib_tofloat                        0x08007f1d   Thumb Code   190  narrow.o(i.__mathlib_tofloat)
    __support_ldexp                          0x08007fe5   Thumb Code    20  ldexp.o(i.__support_ldexp)
    _is_digit                                0x08007ff9   Thumb Code    14  __printf_wp.o(i._is_digit)
    channle1_test                            0x08008009   Thumb Code    18  main.o(i.channle1_test)
    frexp                                    0x08008021   Thumb Code    72  frexp.o(i.frexp)
    get_coeff_from_table                     0x08008079   Thumb Code    60  main.o(i.get_coeff_from_table)
    ldexp                                    0x080080b9   Thumb Code   112  ldexp.o(i.ldexp)
    main                                     0x08008129   Thumb Code   244  main.o(i.main)
    read_Tempcomptable                       0x0800824d   Thumb Code   156  main.o(i.read_Tempcomptable)
    _get_lc_numeric                          0x080082f1   Thumb Code    44  lc_numeric_c.o(locale$$code)
    _get_lc_ctype                            0x0800831d   Thumb Code    44  lc_ctype_c.o(locale$$code)
    __aeabi_cdcmpeq                          0x08008349   Thumb Code     0  deqf.o(x$fpl$deqf)
    _dcmpeq                                  0x08008349   Thumb Code    94  deqf.o(x$fpl$deqf)
    __aeabi_cdrcmple                         0x080083ad   Thumb Code     0  drlef.o(x$fpl$drleqf)
    _drcmple                                 0x080083ad   Thumb Code   100  drlef.o(x$fpl$drleqf)
    __aeabi_fadd                             0x08008415   Thumb Code     0  faddsub.o(x$fpl$fadd)
    _fadd                                    0x08008415   Thumb Code   134  faddsub.o(x$fpl$fadd)
    __aeabi_cfcmple                          0x080084a1   Thumb Code     0  flef.o(x$fpl$fleqf)
    _fcmple                                  0x080084a1   Thumb Code    78  flef.o(x$fpl$fleqf)
    __aeabi_fmul                             0x080084f5   Thumb Code     0  fmul.o(x$fpl$fmul)
    _fmul                                    0x080084f5   Thumb Code   172  fmul.o(x$fpl$fmul)
    __aeabi_cfrcmple                         0x080085a5   Thumb Code     0  frlef.o(x$fpl$frleqf)
    _frcmple                                 0x080085a5   Thumb Code    84  frlef.o(x$fpl$frleqf)
    __aeabi_fsub                             0x080085fd   Thumb Code     0  faddsub.o(x$fpl$fsub)
    _fsub                                    0x080085fd   Thumb Code   204  faddsub.o(x$fpl$fsub)
    _printf_fp_dec                           0x080086cd   Thumb Code    16  printf1.o(x$fpl$printf1)
    _printf_fp_hex                           0x080086dd   Thumb Code    16  printf2.o(x$fpl$printf2)
    _scanf_real                              0x080086ed   Thumb Code    16  scanf1.o(x$fpl$scanf1)
    _scanf_hex_real                          0x080086fd   Thumb Code    16  scanf2.o(x$fpl$scanf2)
    _scanf_infnan                            0x0800870d   Thumb Code    16  scanf2.o(x$fpl$scanf2)
    __I$use$fp                               0x0800871c   Number         0  usenofp.o(x$fpl$usenofp)
    AHBPrescTable                            0x08008764   Data          16  system_stm32f0xx.o(.constdata)
    APBPrescTable                            0x08008774   Data           8  system_stm32f0xx.o(.constdata)
    Region$$Table$$Base                      0x0800898c   Number         0  anon$$obj.o(Region$$Table)
    Region$$Table$$Limit                     0x080089ac   Number         0  anon$$obj.o(Region$$Table)
    __aeabi_HUGE_VAL                         0x080089ac   Data           0  fpconst.o(c$$dinf)
    __aeabi_HUGE_VALL                        0x080089ac   Data           0  fpconst.o(c$$dinf)
    __aeabi_INFINITY                         0x080089ac   Data           0  fpconst.o(c$$dinf)
    __dInf                                   0x080089ac   Data           0  fpconst.o(c$$dinf)
    __huge_val                               0x080089ac   Data           0  fpconst.o(c$$dinf)
    __dbl_max                                0x080089b4   Data           0  fpconst.o(c$$dmax)
    __ctype                                  0x080089e5   Data           0  lc_ctype_c.o(locale$$data)
    rx_data                                  0x20000000   Data           1  main.o(.data)
    rx_index                                 0x20000002   Data           2  main.o(.data)
    Temp_compensation                        0x20000004   Data           4  main.o(.data)
    T0                                       0x20000008   Data           4  main.o(.data)
    Vgs_T0                                   0x2000000c   Data           4  main.o(.data)
    Vgs_Driver_T0                            0x20000010   Data           4  main.o(.data)
    Vgs_Main_T0                              0x20000014   Data           4  main.o(.data)
    Vgs_Peak_T0                              0x20000018   Data           4  main.o(.data)
    K_t                                      0x2000001c   Data           4  main.o(.data)
    Driver_Kt                                0x20000020   Data           4  main.o(.data)
    Main_Kt                                  0x20000024   Data           4  main.o(.data)
    Peak_Kt                                  0x20000028   Data           4  main.o(.data)
    last_T                                   0x2000002c   Data           4  main.o(.data)
    Vgs_Driver                               0x20000030   Data           4  main.o(.data)
    Vgs_Main                                 0x20000034   Data           4  main.o(.data)
    Vgs_Peak                                 0x20000038   Data           4  main.o(.data)
    CH1_V                                    0x2000003c   Data           4  main.o(.data)
    CH2_V                                    0x20000040   Data           4  main.o(.data)
    CH3_V                                    0x20000044   Data           4  main.o(.data)
    driver_count                             0x20000048   Data           4  main.o(.data)
    main_count                               0x2000004c   Data           4  main.o(.data)
    peak_count                               0x20000050   Data           4  main.o(.data)
    Temp                                     0x20000054   Data           4  main.o(.data)
    Temp_Max_threshold                       0x2000005c   Data           4  i2c.o(.data)
    Temp_recover_threshold                   0x20000060   Data           4  i2c.o(.data)
    uwTickFreq                               0x20000064   Data           1  stm32f0xx_hal.o(.data)
    uwTickPrio                               0x20000068   Data           4  stm32f0xx_hal.o(.data)
    uwTick                                   0x2000006c   Data           4  stm32f0xx_hal.o(.data)
    SystemCoreClock                          0x20000070   Data           4  system_stm32f0xx.o(.data)
    rx_buffer                                0x20000074   Data         100  main.o(.bss)
    Vgs_driver_table                         0x200000d8   Data         120  main.o(.bss)
    Vgs_main_table                           0x20000150   Data         120  main.o(.bss)
    Vgs_peak_table                           0x200001c8   Data         120  main.o(.bss)
    hadc                                     0x20000240   Data          64  adc.o(.bss)
    hi2c1                                    0x20000380   Data          76  i2c.o(.bss)
    hi2c2                                    0x200003cc   Data          76  i2c.o(.bss)
    hspi1                                    0x20000418   Data         100  spi.o(.bss)
    hspi2                                    0x2000047c   Data         100  spi.o(.bss)
    huart1                                   0x200004e0   Data         132  usart.o(.bss)
    __libspace_start                         0x20000564   Data          96  libspace.o(.bss)
    __temporary_stack_top$libspace           0x200005c4   Data           0  libspace.o(.bss)



==============================================================================

Memory Map of the image

  Image Entry point : 0x080000b5

  Load Region LR_IROM1 (Base: 0x08000000, Size: 0x00008b5c, Max: 0x00010000, ABSOLUTE)

    Execution Region ER_IROM1 (Exec base: 0x08000000, Load base: 0x08000000, Size: 0x00008ae8, Max: 0x00010000, ABSOLUTE)

    Exec Addr    Load Addr    Size         Type   Attr      Idx    E Section Name        Object

    0x08000000   0x08000000   0x000000b4   Data   RO            3    RESET               startup_stm32f030x8.o
    0x080000b4   0x080000b4   0x00000008   Code   RO         3034  * !!!main             c_p.l(__main.o)
    0x080000bc   0x080000bc   0x0000003c   Code   RO         3480    !!!scatter          c_p.l(__scatter.o)
    0x080000f8   0x080000f8   0x0000001a   Code   RO         3482    !!handler_copy      c_p.l(__scatter_copy.o)
    0x08000112   0x08000112   0x00000002   PAD
    0x08000114   0x08000114   0x0000001c   Code   RO         3484    !!handler_zi        c_p.l(__scatter_zi.o)
    0x08000130   0x08000130   0x00000002   Code   RO         3163    .ARM.Collect$$_printf_percent$$00000000  c_p.l(_printf_percent.o)
    0x08000132   0x08000132   0x0000000a   Code   RO         3152    .ARM.Collect$$_printf_percent$$00000001  c_p.l(_printf_n.o)
    0x0800013c   0x0800013c   0x0000000a   Code   RO         3154    .ARM.Collect$$_printf_percent$$00000002  c_p.l(_printf_p.o)
    0x08000146   0x08000146   0x0000000a   Code   RO         3159    .ARM.Collect$$_printf_percent$$00000003  c_p.l(_printf_f.o)
    0x08000150   0x08000150   0x0000000a   Code   RO         3160    .ARM.Collect$$_printf_percent$$00000004  c_p.l(_printf_e.o)
    0x0800015a   0x0800015a   0x0000000a   Code   RO         3161    .ARM.Collect$$_printf_percent$$00000005  c_p.l(_printf_g.o)
    0x08000164   0x08000164   0x0000000a   Code   RO         3162    .ARM.Collect$$_printf_percent$$00000006  c_p.l(_printf_a.o)
    0x0800016e   0x0800016e   0x0000000a   Code   RO         3167    .ARM.Collect$$_printf_percent$$00000007  c_p.l(_printf_ll.o)
    0x08000178   0x08000178   0x0000000a   Code   RO         3156    .ARM.Collect$$_printf_percent$$00000008  c_p.l(_printf_i.o)
    0x08000182   0x08000182   0x0000000a   Code   RO         3157    .ARM.Collect$$_printf_percent$$00000009  c_p.l(_printf_d.o)
    0x0800018c   0x0800018c   0x0000000a   Code   RO         3158    .ARM.Collect$$_printf_percent$$0000000A  c_p.l(_printf_u.o)
    0x08000196   0x08000196   0x0000000a   Code   RO         3155    .ARM.Collect$$_printf_percent$$0000000B  c_p.l(_printf_o.o)
    0x080001a0   0x080001a0   0x0000000a   Code   RO         3153    .ARM.Collect$$_printf_percent$$0000000C  c_p.l(_printf_x.o)
    0x080001aa   0x080001aa   0x0000000a   Code   RO         3164    .ARM.Collect$$_printf_percent$$0000000D  c_p.l(_printf_lli.o)
    0x080001b4   0x080001b4   0x0000000a   Code   RO         3165    .ARM.Collect$$_printf_percent$$0000000E  c_p.l(_printf_lld.o)
    0x080001be   0x080001be   0x0000000a   Code   RO         3166    .ARM.Collect$$_printf_percent$$0000000F  c_p.l(_printf_llu.o)
    0x080001c8   0x080001c8   0x0000000a   Code   RO         3171    .ARM.Collect$$_printf_percent$$00000010  c_p.l(_printf_llo.o)
    0x080001d2   0x080001d2   0x0000000a   Code   RO         3172    .ARM.Collect$$_printf_percent$$00000011  c_p.l(_printf_llx.o)
    0x080001dc   0x080001dc   0x0000000a   Code   RO         3168    .ARM.Collect$$_printf_percent$$00000012  c_p.l(_printf_l.o)
    0x080001e6   0x080001e6   0x0000000a   Code   RO         3150    .ARM.Collect$$_printf_percent$$00000013  c_p.l(_printf_c.o)
    0x080001f0   0x080001f0   0x0000000a   Code   RO         3151    .ARM.Collect$$_printf_percent$$00000014  c_p.l(_printf_s.o)
    0x080001fa   0x080001fa   0x0000000a   Code   RO         3169    .ARM.Collect$$_printf_percent$$00000015  c_p.l(_printf_lc.o)
    0x08000204   0x08000204   0x0000000a   Code   RO         3170    .ARM.Collect$$_printf_percent$$00000016  c_p.l(_printf_ls.o)
    0x0800020e   0x0800020e   0x00000004   Code   RO         3236    .ARM.Collect$$_printf_percent$$00000017  c_p.l(_printf_percent_end.o)
    0x08000212   0x08000212   0x00000002   Code   RO         3300    .ARM.Collect$$libinit$$00000000  c_p.l(libinit.o)
    0x08000214   0x08000214   0x00000000   Code   RO         3302    .ARM.Collect$$libinit$$00000002  c_p.l(libinit2.o)
    0x08000214   0x08000214   0x00000000   Code   RO         3304    .ARM.Collect$$libinit$$00000004  c_p.l(libinit2.o)
    0x08000214   0x08000214   0x00000000   Code   RO         3307    .ARM.Collect$$libinit$$0000000A  c_p.l(libinit2.o)
    0x08000214   0x08000214   0x00000000   Code   RO         3309    .ARM.Collect$$libinit$$0000000C  c_p.l(libinit2.o)
    0x08000214   0x08000214   0x00000000   Code   RO         3311    .ARM.Collect$$libinit$$0000000E  c_p.l(libinit2.o)
    0x08000214   0x08000214   0x00000006   Code   RO         3312    .ARM.Collect$$libinit$$0000000F  c_p.l(libinit2.o)
    0x0800021a   0x0800021a   0x00000000   Code   RO         3314    .ARM.Collect$$libinit$$00000011  c_p.l(libinit2.o)
    0x0800021a   0x0800021a   0x0000000c   Code   RO         3315    .ARM.Collect$$libinit$$00000012  c_p.l(libinit2.o)
    0x08000226   0x08000226   0x00000000   Code   RO         3316    .ARM.Collect$$libinit$$00000013  c_p.l(libinit2.o)
    0x08000226   0x08000226   0x00000000   Code   RO         3318    .ARM.Collect$$libinit$$00000015  c_p.l(libinit2.o)
    0x08000226   0x08000226   0x0000000a   Code   RO         3319    .ARM.Collect$$libinit$$00000016  c_p.l(libinit2.o)
    0x08000230   0x08000230   0x00000000   Code   RO         3320    .ARM.Collect$$libinit$$00000017  c_p.l(libinit2.o)
    0x08000230   0x08000230   0x00000000   Code   RO         3322    .ARM.Collect$$libinit$$00000019  c_p.l(libinit2.o)
    0x08000230   0x08000230   0x00000000   Code   RO         3324    .ARM.Collect$$libinit$$0000001B  c_p.l(libinit2.o)
    0x08000230   0x08000230   0x00000000   Code   RO         3326    .ARM.Collect$$libinit$$0000001D  c_p.l(libinit2.o)
    0x08000230   0x08000230   0x00000000   Code   RO         3328    .ARM.Collect$$libinit$$0000001F  c_p.l(libinit2.o)
    0x08000230   0x08000230   0x00000000   Code   RO         3330    .ARM.Collect$$libinit$$00000021  c_p.l(libinit2.o)
    0x08000230   0x08000230   0x00000000   Code   RO         3332    .ARM.Collect$$libinit$$00000023  c_p.l(libinit2.o)
    0x08000230   0x08000230   0x00000000   Code   RO         3334    .ARM.Collect$$libinit$$00000025  c_p.l(libinit2.o)
    0x08000230   0x08000230   0x00000000   Code   RO         3338    .ARM.Collect$$libinit$$0000002C  c_p.l(libinit2.o)
    0x08000230   0x08000230   0x00000000   Code   RO         3340    .ARM.Collect$$libinit$$0000002E  c_p.l(libinit2.o)
    0x08000230   0x08000230   0x00000000   Code   RO         3342    .ARM.Collect$$libinit$$00000030  c_p.l(libinit2.o)
    0x08000230   0x08000230   0x00000000   Code   RO         3344    .ARM.Collect$$libinit$$00000032  c_p.l(libinit2.o)
    0x08000230   0x08000230   0x00000002   Code   RO         3345    .ARM.Collect$$libinit$$00000033  c_p.l(libinit2.o)
    0x08000232   0x08000232   0x00000002   Code   RO         3443    .ARM.Collect$$libshutdown$$00000000  c_p.l(libshutdown.o)
    0x08000234   0x08000234   0x00000000   Code   RO         3461    .ARM.Collect$$libshutdown$$00000002  c_p.l(libshutdown2.o)
    0x08000234   0x08000234   0x00000000   Code   RO         3463    .ARM.Collect$$libshutdown$$00000004  c_p.l(libshutdown2.o)
    0x08000234   0x08000234   0x00000000   Code   RO         3465    .ARM.Collect$$libshutdown$$00000006  c_p.l(libshutdown2.o)
    0x08000234   0x08000234   0x00000000   Code   RO         3468    .ARM.Collect$$libshutdown$$00000009  c_p.l(libshutdown2.o)
    0x08000234   0x08000234   0x00000000   Code   RO         3471    .ARM.Collect$$libshutdown$$0000000C  c_p.l(libshutdown2.o)
    0x08000234   0x08000234   0x00000000   Code   RO         3473    .ARM.Collect$$libshutdown$$0000000E  c_p.l(libshutdown2.o)
    0x08000234   0x08000234   0x00000000   Code   RO         3476    .ARM.Collect$$libshutdown$$00000011  c_p.l(libshutdown2.o)
    0x08000234   0x08000234   0x00000002   Code   RO         3477    .ARM.Collect$$libshutdown$$00000012  c_p.l(libshutdown2.o)
    0x08000236   0x08000236   0x00000000   Code   RO         3071    .ARM.Collect$$rtentry$$00000000  c_p.l(__rtentry.o)
    0x08000236   0x08000236   0x00000000   Code   RO         3191    .ARM.Collect$$rtentry$$00000002  c_p.l(__rtentry2.o)
    0x08000236   0x08000236   0x00000006   Code   RO         3203    .ARM.Collect$$rtentry$$00000004  c_p.l(__rtentry4.o)
    0x0800023c   0x0800023c   0x00000000   Code   RO         3193    .ARM.Collect$$rtentry$$00000009  c_p.l(__rtentry2.o)
    0x0800023c   0x0800023c   0x00000004   Code   RO         3194    .ARM.Collect$$rtentry$$0000000A  c_p.l(__rtentry2.o)
    0x08000240   0x08000240   0x00000000   Code   RO         3196    .ARM.Collect$$rtentry$$0000000C  c_p.l(__rtentry2.o)
    0x08000240   0x08000240   0x00000008   Code   RO         3197    .ARM.Collect$$rtentry$$0000000D  c_p.l(__rtentry2.o)
    0x08000248   0x08000248   0x00000002   Code   RO         3359    .ARM.Collect$$rtexit$$00000000  c_p.l(rtexit.o)
    0x0800024a   0x0800024a   0x00000000   Code   RO         3395    .ARM.Collect$$rtexit$$00000002  c_p.l(rtexit2.o)
    0x0800024a   0x0800024a   0x00000004   Code   RO         3396    .ARM.Collect$$rtexit$$00000003  c_p.l(rtexit2.o)
    0x0800024e   0x0800024e   0x00000006   Code   RO         3397    .ARM.Collect$$rtexit$$00000004  c_p.l(rtexit2.o)
    0x08000254   0x08000254   0x00000038   Code   RO         3020    .emb_text           c_p.l(rt_memcpy.o)
    0x0800028c   0x0800028c   0x00000038   Code   RO            4    .text               startup_stm32f030x8.o
    0x080002c4   0x080002c4   0x00000102   Code   RO         3010    .text               c_p.l(lludiv.o)
    0x080003c6   0x080003c6   0x00000002   PAD
    0x080003c8   0x080003c8   0x00000038   Code   RO         3012    .text               c_p.l(vsnprintf.o)
    0x08000400   0x08000400   0x00000040   Code   RO         3014    .text               c_p.l(__0sscanf.o)
    0x08000440   0x08000440   0x000000e8   Code   RO         3016    .text               c_p.l(_scanf_str.o)
    0x08000528   0x08000528   0x00000044   Code   RO         3018    .text               c_p.l(strlen.o)
    0x0800056c   0x0800056c   0x00000040   Code   RO         3024    .text               c_p.l(rt_memclr.o)
    0x080005ac   0x080005ac   0x00000088   Code   RO         3026    .text               c_p.l(strcmp.o)
    0x08000634   0x08000634   0x0000015a   Code   RO         3028    .text               c_p.l(aeabi_sdiv.o)
    0x0800078e   0x0800078e   0x00000006   Code   RO         3032    .text               c_p.l(heapauxi.o)
    0x08000794   0x08000794   0x0000007c   Code   RO         3036    .text               fz_ps.l(d2f.o)
    0x08000810   0x08000810   0x00000358   Code   RO         3038    .text               fz_ps.l(daddsub.o)
    0x08000b68   0x08000b68   0x00000448   Code   RO         3040    .text               fz_ps.l(ddiv.o)
    0x08000fb0   0x08000fb0   0x00000048   Code   RO         3043    .text               fz_ps.l(dfixui.o)
    0x08000ff8   0x08000ff8   0x00000058   Code   RO         3045    .text               fz_ps.l(dflti.o)
    0x08001050   0x08001050   0x00000248   Code   RO         3047    .text               fz_ps.l(dmul.o)
    0x08001298   0x08001298   0x00000060   Code   RO         3049    .text               fz_ps.l(dscalbn.o)
    0x080012f8   0x080012f8   0x00000054   Code   RO         3051    .text               fz_ps.l(f2d.o)
    0x0800134c   0x0800134c   0x00000030   Code   RO         3059    .text               fz_ps.l(ffixui.o)
    0x0800137c   0x0800137c   0x0000005e   Code   RO         3061    .text               fz_ps.l(fflti.o)
    0x080013da   0x080013da   0x0000004e   Code   RO         3082    .text               c_p.l(_printf_pad.o)
    0x08001428   0x08001428   0x00000024   Code   RO         3084    .text               c_p.l(_printf_truncate.o)
    0x0800144c   0x0800144c   0x00000052   Code   RO         3086    .text               c_p.l(_printf_str.o)
    0x0800149e   0x0800149e   0x00000002   PAD
    0x080014a0   0x080014a0   0x0000006c   Code   RO         3088    .text               c_p.l(_printf_dec.o)
    0x0800150c   0x0800150c   0x00000026   Code   RO         3090    .text               c_p.l(_printf_charcount.o)
    0x08001532   0x08001532   0x00000002   PAD
    0x08001534   0x08001534   0x00000030   Code   RO         3092    .text               c_p.l(_printf_char_common.o)
    0x08001564   0x08001564   0x0000000a   Code   RO         3094    .text               c_p.l(_sputc.o)
    0x0800156e   0x0800156e   0x00000010   Code   RO         3096    .text               c_p.l(_snputc.o)
    0x0800157e   0x0800157e   0x00000002   PAD
    0x08001580   0x08001580   0x000000bc   Code   RO         3098    .text               c_p.l(_printf_wctomb.o)
    0x0800163c   0x0800163c   0x00000070   Code   RO         3101    .text               c_p.l(_printf_longlong_dec.o)
    0x080016ac   0x080016ac   0x00000070   Code   RO         3107    .text               c_p.l(_printf_oct_int_ll.o)
    0x0800171c   0x0800171c   0x00000098   Code   RO         3127    .text               c_p.l(_printf_hex_int_ll_ptr.o)
    0x080017b4   0x080017b4   0x00000188   Code   RO         3147    .text               c_p.l(__printf_flags_ss_wp.o)
    0x0800193c   0x0800193c   0x00000520   Code   RO         3173    .text               c_p.l(scanf_fp.o)
    0x08001e5c   0x08001e5c   0x00000030   Code   RO         3175    .text               c_p.l(scanf_char.o)
    0x08001e8c   0x08001e8c   0x00000044   Code   RO         3177    .text               c_p.l(_sgetc.o)
    0x08001ed0   0x08001ed0   0x00000064   Code   RO         3179    .text               fz_ps.l(fcmpin.o)
    0x08001f34   0x08001f34   0x00000008   Code   RO         3210    .text               c_p.l(rt_locale_intlibspace.o)
    0x08001f3c   0x08001f3c   0x00000008   Code   RO         3215    .text               c_p.l(rt_errno_addr_intlibspace.o)
    0x08001f44   0x08001f44   0x00000030   Code   RO         3217    .text               c_p.l(llmul.o)
    0x08001f74   0x08001f74   0x0000007a   Code   RO         3219    .text               c_p.l(lludiv10.o)
    0x08001fee   0x08001fee   0x00000012   Code   RO         3221    .text               c_p.l(isspace.o)
    0x08002000   0x08002000   0x000000b0   Code   RO         3223    .text               c_p.l(_printf_intcommon.o)
    0x080020b0   0x080020b0   0x00000418   Code   RO         3225    .text               c_p.l(_printf_fp_dec.o)
    0x080024c8   0x080024c8   0x000002d8   Code   RO         3227    .text               c_p.l(_printf_fp_hex.o)
    0x080027a0   0x080027a0   0x0000002e   Code   RO         3232    .text               c_p.l(_printf_char.o)
    0x080027ce   0x080027ce   0x0000002e   Code   RO         3234    .text               c_p.l(_printf_wchar.o)
    0x080027fc   0x080027fc   0x00000394   Code   RO         3237    .text               c_p.l(_scanf.o)
    0x08002b90   0x08002b90   0x000000d8   Code   RO         3239    .text               c_p.l(bigflt0.o)
    0x08002c68   0x08002c68   0x00000580   Code   RO         3242    .text               c_p.l(btod.o)
    0x080031e8   0x080031e8   0x00000040   Code   RO         3244    .text               c_p.l(_wcrtomb.o)
    0x08003228   0x08003228   0x00000028   Code   RO         3249    .text               c_p.l(rtudiv10.o)
    0x08003250   0x08003250   0x0000002e   Code   RO         3251    .text               fz_ps.l(cmpret.o)
    0x0800327e   0x0800327e   0x00000002   PAD
    0x08003280   0x08003280   0x00000010   Code   RO         3253    .text               fz_ps.l(fnan2.o)
    0x08003290   0x08003290   0x00000008   Code   RO         3273    .text               c_p.l(libspace.o)
    0x08003298   0x08003298   0x0000003e   Code   RO         3276    .text               c_p.l(sys_stackheap_outer.o)
    0x080032d6   0x080032d6   0x00000002   PAD
    0x080032d8   0x080032d8   0x00000010   Code   RO         3279    .text               c_p.l(rt_ctype_table.o)
    0x080032e8   0x080032e8   0x00000016   Code   RO         3281    .text               c_p.l(_rserrno.o)
    0x080032fe   0x080032fe   0x00000002   PAD
    0x08003300   0x08003300   0x00000088   Code   RO         3283    .text               c_p.l(_printf_fp_infnan.o)
    0x08003388   0x08003388   0x00000334   Code   RO         3285    .text               c_p.l(scanf_hexfp.o)
    0x080036bc   0x080036bc   0x0000013c   Code   RO         3287    .text               c_p.l(scanf_infnan.o)
    0x080037f8   0x080037f8   0x00000010   Code   RO         3289    .text               c_p.l(exit.o)
    0x08003808   0x08003808   0x0000005e   Code   RO         3350    .text               fz_ps.l(retnan.o)
    0x08003866   0x08003866   0x00000020   Code   RO         3363    .text               c_p.l(llshl.o)
    0x08003886   0x08003886   0x0000001e   Code   RO         3365    .text               c_p.l(_chval.o)
    0x080038a4   0x080038a4   0x00000090   Code   RO         3376    .text               fz_ps.l(dcmpin.o)
    0x08003934   0x08003934   0x0000000c   Code   RO         3392    .text               c_p.l(sys_exit.o)
    0x08003940   0x08003940   0x00000014   Code   RO         3409    .text               fz_ps.l(dnan2.o)
    0x08003954   0x08003954   0x00000002   Code   RO         3430    .text               c_p.l(use_no_semi.o)
    0x08003956   0x08003956   0x00000000   Code   RO         3432    .text               c_p.l(indicate_semi.o)
    0x08003956   0x08003956   0x00000002   PAD
    0x08003958   0x08003958   0x00000090   Code   RO          607    i.ADC_Enable        stm32f0xx_hal_adc.o
    0x080039e8   0x080039e8   0x00000108   Code   RO           12    i.Adjust_Vgs_Driver  main.o
    0x08003af0   0x08003af0   0x00000104   Code   RO           13    i.Adjust_Vgs_Main   main.o
    0x08003bf4   0x08003bf4   0x00000104   Code   RO           14    i.Adjust_Vgs_Peak   main.o
    0x08003cf8   0x08003cf8   0x0000007c   Code   RO           16    i.DSA_Adjust_Command  main.o
    0x08003d74   0x08003d74   0x0000004c   Code   RO           17    i.DSA_Status        main.o
    0x08003dc0   0x08003dc0   0x00000034   Code   RO           18    i.Debug_print       main.o
    0x08003df4   0x08003df4   0x00000004   Code   RO           19    i.Error_Handler     main.o
    0x08003df8   0x08003df8   0x00000110   Code   RO          609    i.HAL_ADC_ConfigChannel  stm32f0xx_hal_adc.o
    0x08003f08   0x08003f08   0x00000006   Code   RO          616    i.HAL_ADC_GetValue  stm32f0xx_hal_adc.o
    0x08003f0e   0x08003f0e   0x00000002   PAD
    0x08003f10   0x08003f10   0x00000178   Code   RO          618    i.HAL_ADC_Init      stm32f0xx_hal_adc.o
    0x08004088   0x08004088   0x00000058   Code   RO          322    i.HAL_ADC_MspInit   adc.o
    0x080040e0   0x080040e0   0x000000c6   Code   RO          622    i.HAL_ADC_PollForConversion  stm32f0xx_hal_adc.o
    0x080041a6   0x080041a6   0x00000002   PAD
    0x080041a8   0x080041a8   0x0000005c   Code   RO          624    i.HAL_ADC_Start     stm32f0xx_hal_adc.o
    0x08004204   0x08004204   0x00000040   Code   RO         1642    i.HAL_DMA_Abort     stm32f0xx_hal_dma.o
    0x08004244   0x08004244   0x00000048   Code   RO         1643    i.HAL_DMA_Abort_IT  stm32f0xx_hal_dma.o
    0x0800428c   0x0800428c   0x00000006   Code   RO         1646    i.HAL_DMA_GetState  stm32f0xx_hal_dma.o
    0x08004292   0x08004292   0x00000002   PAD
    0x08004294   0x08004294   0x00000024   Code   RO          929    i.HAL_Delay         stm32f0xx_hal.o
    0x080042b8   0x080042b8   0x000001a4   Code   RO         1581    i.HAL_GPIO_Init     stm32f0xx_hal_gpio.o
    0x0800445c   0x0800445c   0x0000000a   Code   RO         1583    i.HAL_GPIO_ReadPin  stm32f0xx_hal_gpio.o
    0x08004466   0x08004466   0x0000000c   Code   RO         1585    i.HAL_GPIO_WritePin  stm32f0xx_hal_gpio.o
    0x08004472   0x08004472   0x00000002   PAD
    0x08004474   0x08004474   0x0000000c   Code   RO          933    i.HAL_GetTick       stm32f0xx_hal.o
    0x08004480   0x08004480   0x0000004a   Code   RO         1540    i.HAL_I2CEx_ConfigAnalogFilter  stm32f0xx_hal_i2c_ex.o
    0x080044ca   0x080044ca   0x00000048   Code   RO         1541    i.HAL_I2CEx_ConfigDigitalFilter  stm32f0xx_hal_i2c_ex.o
    0x08004512   0x08004512   0x00000002   Code   RO         1082    i.HAL_I2C_AbortCpltCallback  stm32f0xx_hal_i2c.o
    0x08004514   0x08004514   0x00000090   Code   RO          359    i.HAL_I2C_AddrCallback  i2c.o
    0x080045a4   0x080045a4   0x0000005e   Code   RO         1086    i.HAL_I2C_ER_IRQHandler  stm32f0xx_hal_i2c.o
    0x08004602   0x08004602   0x00000010   Code   RO         1087    i.HAL_I2C_EV_IRQHandler  stm32f0xx_hal_i2c.o
    0x08004612   0x08004612   0x00000002   PAD
    0x08004614   0x08004614   0x00000028   Code   RO         1088    i.HAL_I2C_EnableListen_IT  stm32f0xx_hal_i2c.o
    0x0800463c   0x0800463c   0x00000018   Code   RO          360    i.HAL_I2C_ErrorCallback  i2c.o
    0x08004654   0x08004654   0x00000004   Code   RO         1090    i.HAL_I2C_GetError  stm32f0xx_hal_i2c.o
    0x08004658   0x08004658   0x000000b4   Code   RO         1093    i.HAL_I2C_Init      stm32f0xx_hal_i2c.o
    0x0800470c   0x0800470c   0x00000014   Code   RO          361    i.HAL_I2C_ListenCpltCallback  i2c.o
    0x08004720   0x08004720   0x00000002   Code   RO         1096    i.HAL_I2C_MasterRxCpltCallback  stm32f0xx_hal_i2c.o
    0x08004722   0x08004722   0x00000002   Code   RO         1097    i.HAL_I2C_MasterTxCpltCallback  stm32f0xx_hal_i2c.o
    0x08004724   0x08004724   0x00000110   Code   RO         1099    i.HAL_I2C_Master_Receive  stm32f0xx_hal_i2c.o
    0x08004834   0x08004834   0x00000002   Code   RO         1109    i.HAL_I2C_MemRxCpltCallback  stm32f0xx_hal_i2c.o
    0x08004836   0x08004836   0x00000002   Code   RO         1110    i.HAL_I2C_MemTxCpltCallback  stm32f0xx_hal_i2c.o
    0x08004838   0x08004838   0x000000ac   Code   RO          363    i.HAL_I2C_MspInit   i2c.o
    0x080048e4   0x080048e4   0x00000060   Code   RO          364    i.HAL_I2C_SlaveRxCpltCallback  i2c.o
    0x08004944   0x08004944   0x00000024   Code   RO          365    i.HAL_I2C_SlaveTxCpltCallback  i2c.o
    0x08004968   0x08004968   0x000000cc   Code   RO         1125    i.HAL_I2C_Slave_Seq_Receive_IT  stm32f0xx_hal_i2c.o
    0x08004a34   0x08004a34   0x000000d0   Code   RO         1127    i.HAL_I2C_Slave_Seq_Transmit_IT  stm32f0xx_hal_i2c.o
    0x08004b04   0x08004b04   0x00000010   Code   RO          939    i.HAL_IncTick       stm32f0xx_hal.o
    0x08004b14   0x08004b14   0x00000020   Code   RO          940    i.HAL_Init          stm32f0xx_hal.o
    0x08004b34   0x08004b34   0x00000044   Code   RO          941    i.HAL_InitTick      stm32f0xx_hal.o
    0x08004b78   0x08004b78   0x00000028   Code   RO          582    i.HAL_MspInit       stm32f0xx_hal_msp.o
    0x08004ba0   0x08004ba0   0x00000018   Code   RO         1740    i.HAL_NVIC_EnableIRQ  stm32f0xx_hal_cortex.o
    0x08004bb8   0x08004bb8   0x00000008   Code   RO         1744    i.HAL_NVIC_SetPriority  stm32f0xx_hal_cortex.o
    0x08004bc0   0x08004bc0   0x000000e8   Code   RO          894    i.HAL_RCCEx_PeriphCLKConfig  stm32f0xx_hal_rcc_ex.o
    0x08004ca8   0x08004ca8   0x00000108   Code   RO          799    i.HAL_RCC_ClockConfig  stm32f0xx_hal_rcc.o
    0x08004db0   0x08004db0   0x00000020   Code   RO          806    i.HAL_RCC_GetPCLK1Freq  stm32f0xx_hal_rcc.o
    0x08004dd0   0x08004dd0   0x00000080   Code   RO          807    i.HAL_RCC_GetSysClockFreq  stm32f0xx_hal_rcc.o
    0x08004e50   0x08004e50   0x00000388   Code   RO          810    i.HAL_RCC_OscConfig  stm32f0xx_hal_rcc.o
    0x080051d8   0x080051d8   0x000000ee   Code   RO         2191    i.HAL_SPI_Init      stm32f0xx_hal_spi.o
    0x080052c6   0x080052c6   0x00000002   PAD
    0x080052c8   0x080052c8   0x000000b0   Code   RO          441    i.HAL_SPI_MspInit   spi.o
    0x08005378   0x08005378   0x00000160   Code   RO         2199    i.HAL_SPI_Transmit  stm32f0xx_hal_spi.o
    0x080054d8   0x080054d8   0x00000030   Code   RO         1748    i.HAL_SYSTICK_Config  stm32f0xx_hal_cortex.o
    0x08005508   0x08005508   0x00000002   Code   RO         2558    i.HAL_UARTEx_RxEventCallback  stm32f0xx_hal_uart.o
    0x0800550a   0x0800550a   0x00000002   Code   RO         2574    i.HAL_UART_ErrorCallback  stm32f0xx_hal_uart.o
    0x0800550c   0x0800550c   0x0000028c   Code   RO         2577    i.HAL_UART_IRQHandler  stm32f0xx_hal_uart.o
    0x08005798   0x08005798   0x0000006a   Code   RO         2578    i.HAL_UART_Init     stm32f0xx_hal_uart.o
    0x08005802   0x08005802   0x00000002   PAD
    0x08005804   0x08005804   0x00000074   Code   RO          485    i.HAL_UART_MspInit  usart.o
    0x08005878   0x08005878   0x00000064   Code   RO         2583    i.HAL_UART_Receive_IT  stm32f0xx_hal_uart.o
    0x080058dc   0x080058dc   0x00000054   Code   RO           20    i.HAL_UART_RxCpltCallback  main.o
    0x08005930   0x08005930   0x000000d2   Code   RO         2587    i.HAL_UART_Transmit  stm32f0xx_hal_uart.o
    0x08005a02   0x08005a02   0x00000002   Code   RO         2590    i.HAL_UART_TxCpltCallback  stm32f0xx_hal_uart.o
    0x08005a04   0x08005a04   0x00000002   Code   RO          522    i.HardFault_Handler  stm32f0xx_it.o
    0x08005a06   0x08005a06   0x00000002   PAD
    0x08005a08   0x08005a08   0x00000020   Code   RO          523    i.I2C2_IRQHandler   stm32f0xx_it.o
    0x08005a28   0x08005a28   0x0000001c   Code   RO         1132    i.I2C_DMAAbort      stm32f0xx_hal_i2c.o
    0x08005a44   0x08005a44   0x00000052   Code   RO         1138    i.I2C_Disable_IRQ   stm32f0xx_hal_i2c.o
    0x08005a96   0x08005a96   0x00000002   PAD
    0x08005a98   0x08005a98   0x0000005c   Code   RO         1139    i.I2C_Enable_IRQ    stm32f0xx_hal_i2c.o
    0x08005af4   0x08005af4   0x00000022   Code   RO         1140    i.I2C_Flush_TXDR    stm32f0xx_hal_i2c.o
    0x08005b16   0x08005b16   0x0000007c   Code   RO         1141    i.I2C_ITAddrCplt    stm32f0xx_hal_i2c.o
    0x08005b92   0x08005b92   0x00000002   PAD
    0x08005b94   0x08005b94   0x000000ec   Code   RO         1142    i.I2C_ITError       stm32f0xx_hal_i2c.o
    0x08005c80   0x08005c80   0x00000068   Code   RO         1143    i.I2C_ITListenCplt  stm32f0xx_hal_i2c.o
    0x08005ce8   0x08005ce8   0x000000d8   Code   RO         1144    i.I2C_ITMasterCplt  stm32f0xx_hal_i2c.o
    0x08005dc0   0x08005dc0   0x00000046   Code   RO         1145    i.I2C_ITMasterSeqCplt  stm32f0xx_hal_i2c.o
    0x08005e06   0x08005e06   0x00000002   PAD
    0x08005e08   0x08005e08   0x0000013c   Code   RO         1146    i.I2C_ITSlaveCplt   stm32f0xx_hal_i2c.o
    0x08005f44   0x08005f44   0x0000006a   Code   RO         1147    i.I2C_ITSlaveSeqCplt  stm32f0xx_hal_i2c.o
    0x08005fae   0x08005fae   0x00000002   PAD
    0x08005fb0   0x08005fb0   0x00000088   Code   RO         1148    i.I2C_IsAcknowledgeFailed  stm32f0xx_hal_i2c.o
    0x08006038   0x08006038   0x0000010c   Code   RO         1149    i.I2C_Master_ISR_DMA  stm32f0xx_hal_i2c.o
    0x08006144   0x08006144   0x00000112   Code   RO         1153    i.I2C_Slave_ISR_DMA  stm32f0xx_hal_i2c.o
    0x08006256   0x08006256   0x00000002   PAD
    0x08006258   0x08006258   0x00000130   Code   RO         1154    i.I2C_Slave_ISR_IT  stm32f0xx_hal_i2c.o
    0x08006388   0x08006388   0x00000028   Code   RO         1155    i.I2C_TransferConfig  stm32f0xx_hal_i2c.o
    0x080063b0   0x080063b0   0x00000026   Code   RO         1156    i.I2C_TreatErrorCallback  stm32f0xx_hal_i2c.o
    0x080063d6   0x080063d6   0x0000004e   Code   RO         1157    i.I2C_WaitOnFlagUntilTimeout  stm32f0xx_hal_i2c.o
    0x08006424   0x08006424   0x00000080   Code   RO         1158    i.I2C_WaitOnRXNEFlagUntilTimeout  stm32f0xx_hal_i2c.o
    0x080064a4   0x080064a4   0x0000004c   Code   RO         1159    i.I2C_WaitOnSTOPFlagUntilTimeout  stm32f0xx_hal_i2c.o
    0x080064f0   0x080064f0   0x00000068   Code   RO          323    i.MX_ADC_Init       adc.o
    0x08006558   0x08006558   0x000000a0   Code   RO          301    i.MX_GPIO_Init      gpio.o
    0x080065f8   0x080065f8   0x0000005c   Code   RO          366    i.MX_I2C1_Init      i2c.o
    0x08006654   0x08006654   0x0000005c   Code   RO          367    i.MX_I2C2_Init      i2c.o
    0x080066b0   0x080066b0   0x0000004c   Code   RO          442    i.MX_SPI1_Init      spi.o
    0x080066fc   0x080066fc   0x00000050   Code   RO          443    i.MX_SPI2_Init      spi.o
    0x0800674c   0x0800674c   0x00000038   Code   RO          486    i.MX_USART1_UART_Init  usart.o
    0x08006784   0x08006784   0x00000002   Code   RO          524    i.NMI_Handler       stm32f0xx_it.o
    0x08006786   0x08006786   0x00000002   PAD
    0x08006788   0x08006788   0x00000064   Code   RO           21    i.Open_PA           main.o
    0x080067ec   0x080067ec   0x00000d5c   Code   RO           22    i.Parse_Command     main.o
    0x08007548   0x08007548   0x00000002   Code   RO          525    i.PendSV_Handler    stm32f0xx_it.o
    0x0800754a   0x0800754a   0x00000002   PAD
    0x0800754c   0x0800754c   0x0000006c   Code   RO          368    i.Read_Temperature  i2c.o
    0x080075b8   0x080075b8   0x0000004c   Code   RO         2229    i.SPI_EndRxTxTransaction  stm32f0xx_hal_spi.o
    0x08007604   0x08007604   0x000000d8   Code   RO         2234    i.SPI_WaitFifoStateUntilTimeout  stm32f0xx_hal_spi.o
    0x080076dc   0x080076dc   0x000000b8   Code   RO         2235    i.SPI_WaitFlagStateUntilTimeout  stm32f0xx_hal_spi.o
    0x08007794   0x08007794   0x00000002   Code   RO          526    i.SVC_Handler       stm32f0xx_it.o
    0x08007796   0x08007796   0x00000008   Code   RO          527    i.SysTick_Handler   stm32f0xx_it.o
    0x0800779e   0x0800779e   0x00000072   Code   RO           23    i.SystemClock_Config  main.o
    0x08007810   0x08007810   0x00000002   Code   RO         2975    i.SystemInit        system_stm32f0xx.o
    0x08007812   0x08007812   0x00000002   PAD
    0x08007814   0x08007814   0x00000088   Code   RO           24    i.Tor_Switch        main.o
    0x0800789c   0x0800789c   0x000000ca   Code   RO         2592    i.UART_AdvFeatureConfig  stm32f0xx_hal_uart.o
    0x08007966   0x08007966   0x00000002   PAD
    0x08007968   0x08007968   0x00000064   Code   RO         2593    i.UART_CheckIdleState  stm32f0xx_hal_uart.o
    0x080079cc   0x080079cc   0x00000014   Code   RO         2594    i.UART_DMAAbortOnError  stm32f0xx_hal_uart.o
    0x080079e0   0x080079e0   0x0000005e   Code   RO         2604    i.UART_EndRxTransfer  stm32f0xx_hal_uart.o
    0x08007a3e   0x08007a3e   0x000000a8   Code   RO         2606    i.UART_RxISR_16BIT  stm32f0xx_hal_uart.o
    0x08007ae6   0x08007ae6   0x000000a8   Code   RO         2607    i.UART_RxISR_8BIT   stm32f0xx_hal_uart.o
    0x08007b8e   0x08007b8e   0x00000002   PAD
    0x08007b90   0x08007b90   0x00000134   Code   RO         2608    i.UART_SetConfig    stm32f0xx_hal_uart.o
    0x08007cc4   0x08007cc4   0x0000009c   Code   RO         2610    i.UART_Start_Receive_IT  stm32f0xx_hal_uart.o
    0x08007d60   0x08007d60   0x000000d4   Code   RO         2613    i.UART_WaitOnFlagUntilTimeout  stm32f0xx_hal_uart.o
    0x08007e34   0x08007e34   0x00000010   Code   RO          528    i.USART1_IRQHandler  stm32f0xx_it.o
    0x08007e44   0x08007e44   0x00000030   Code   RO          884    i.__ARM_common_ll_muluu  stm32f0xx_hal_rcc.o
    0x08007e74   0x08007e74   0x0000002c   Code   RO         3352    i.__ARM_fpclassify  m_ps.l(fpclassify.o)
    0x08007ea0   0x08007ea0   0x00000044   Code   RO         1750    i.__NVIC_SetPriority  stm32f0xx_hal_cortex.o
    0x08007ee4   0x08007ee4   0x00000014   Code   RO         3415    i.__mathlib_dbl_overflow  m_ps.l(dunder.o)
    0x08007ef8   0x08007ef8   0x00000014   Code   RO         3417    i.__mathlib_dbl_underflow  m_ps.l(dunder.o)
    0x08007f0c   0x08007f0c   0x00000010   Code   RO         3267    i.__mathlib_narrow  m_ps.l(narrow.o)
    0x08007f1c   0x08007f1c   0x000000c8   Code   RO         3268    i.__mathlib_tofloat  m_ps.l(narrow.o)
    0x08007fe4   0x08007fe4   0x00000014   Code   RO         3381    i.__support_ldexp   m_ps.l(ldexp.o)
    0x08007ff8   0x08007ff8   0x0000000e   Code   RO         3140    i._is_digit         c_p.l(__printf_wp.o)
    0x08008006   0x08008006   0x00000002   PAD
    0x08008008   0x08008008   0x00000018   Code   RO           26    i.channle1_test     main.o
    0x08008020   0x08008020   0x00000058   Code   RO         3355    i.frexp             m_ps.l(frexp.o)
    0x08008078   0x08008078   0x00000040   Code   RO           28    i.get_coeff_from_table  main.o
    0x080080b8   0x080080b8   0x00000070   Code   RO         3382    i.ldexp             m_ps.l(ldexp.o)
    0x08008128   0x08008128   0x00000124   Code   RO           29    i.main              main.o
    0x0800824c   0x0800824c   0x000000a4   Code   RO           31    i.read_Tempcomptable  main.o
    0x080082f0   0x080082f0   0x0000002c   Code   RO         3247    locale$$code        c_p.l(lc_numeric_c.o)
    0x0800831c   0x0800831c   0x0000002c   Code   RO         3368    locale$$code        c_p.l(lc_ctype_c.o)
    0x08008348   0x08008348   0x00000064   Code   RO         3346    x$fpl$deqf          fz_ps.l(deqf.o)
    0x080083ac   0x080083ac   0x00000068   Code   RO         3348    x$fpl$drleqf        fz_ps.l(drlef.o)
    0x08008414   0x08008414   0x0000008c   Code   RO         3053    x$fpl$fadd          fz_ps.l(faddsub.o)
    0x080084a0   0x080084a0   0x00000054   Code   RO         3063    x$fpl$fleqf         fz_ps.l(flef.o)
    0x080084f4   0x080084f4   0x000000b0   Code   RO         3065    x$fpl$fmul          fz_ps.l(fmul.o)
    0x080085a4   0x080085a4   0x00000058   Code   RO         3067    x$fpl$frleqf        fz_ps.l(frlef.o)
    0x080085fc   0x080085fc   0x000000d0   Code   RO         3055    x$fpl$fsub          fz_ps.l(faddsub.o)
    0x080086cc   0x080086cc   0x00000010   Code   RO         3181    x$fpl$printf1       fz_ps.l(printf1.o)
    0x080086dc   0x080086dc   0x00000010   Code   RO         3183    x$fpl$printf2       fz_ps.l(printf2.o)
    0x080086ec   0x080086ec   0x00000010   Code   RO         3069    x$fpl$scanf1        fz_ps.l(scanf1.o)
    0x080086fc   0x080086fc   0x00000020   Code   RO         3261    x$fpl$scanf2        fz_ps.l(scanf2.o)
    0x0800871c   0x0800871c   0x00000000   Code   RO         3189    x$fpl$usenofp       fz_ps.l(usenofp.o)
    0x0800871c   0x0800871c   0x00000048   Data   RO           35    .constdata          main.o
    0x08008764   0x08008764   0x00000010   Data   RO         2976    .constdata          system_stm32f0xx.o
    0x08008774   0x08008774   0x00000008   Data   RO         2977    .constdata          system_stm32f0xx.o
    0x0800877c   0x0800877c   0x00000080   Data   RO         3041    .constdata          fz_ps.l(ddiv.o)
    0x080087fc   0x080087fc   0x00000008   Data   RO         3099    .constdata          c_p.l(_printf_wctomb.o)
    0x08008804   0x08008804   0x00000028   Data   RO         3128    .constdata          c_p.l(_printf_hex_int_ll_ptr.o)
    0x0800882c   0x0800882c   0x00000011   Data   RO         3148    .constdata          c_p.l(__printf_flags_ss_wp.o)
    0x0800883d   0x0800883d   0x00000026   Data   RO         3228    .constdata          c_p.l(_printf_fp_hex.o)
    0x08008863   0x08008863   0x00000001   PAD
    0x08008864   0x08008864   0x00000094   Data   RO         3240    .constdata          c_p.l(bigflt0.o)
    0x080088f8   0x080088f8   0x00000093   Data   RO           36    .conststring        main.o
    0x0800898b   0x0800898b   0x00000001   PAD
    0x0800898c   0x0800898c   0x00000020   Data   RO         3478    Region$$Table       anon$$obj.o
    0x080089ac   0x080089ac   0x00000008   Data   RO         3255    c$$dinf             fz_ps.l(fpconst.o)
    0x080089b4   0x080089b4   0x00000008   Data   RO         3258    c$$dmax             fz_ps.l(fpconst.o)
    0x080089bc   0x080089bc   0x0000001c   Data   RO         3246    locale$$data        c_p.l(lc_numeric_c.o)
    0x080089d8   0x080089d8   0x00000110   Data   RO         3367    locale$$data        c_p.l(lc_ctype_c.o)


    Execution Region RW_IRAM1 (Exec base: 0x20000000, Load base: 0x08008ae8, Size: 0x00000bc8, Max: 0x00002000, ABSOLUTE)

    Exec Addr    Load Addr    Size         Type   Attr      Idx    E Section Name        Object

    0x20000000   0x08008ae8   0x00000058   Data   RW           37    .data               main.o
    0x20000058   0x08008b40   0x0000000c   Data   RW          370    .data               i2c.o
    0x20000064   0x08008b4c   0x0000000c   Data   RW          947    .data               stm32f0xx_hal.o
    0x20000070   0x08008b58   0x00000004   Data   RW         2978    .data               system_stm32f0xx.o
    0x20000074        -       0x000001cc   Zero   RW           34    .bss                main.o
    0x20000240        -       0x00000040   Zero   RW          324    .bss                adc.o
    0x20000280        -       0x00000198   Zero   RW          369    .bss                i2c.o
    0x20000418        -       0x000000c8   Zero   RW          444    .bss                spi.o
    0x200004e0        -       0x00000084   Zero   RW          487    .bss                usart.o
    0x20000564        -       0x00000060   Zero   RW         3274    .bss                c_p.l(libspace.o)
    0x200005c4   0x08008b5c   0x00000004   PAD
    0x200005c8        -       0x00000200   Zero   RW            2    HEAP                startup_stm32f030x8.o
    0x200007c8        -       0x00000400   Zero   RW            1    STACK               startup_stm32f030x8.o


==============================================================================

Image component sizes


      Code (inc. data)   RO Data    RW Data    ZI Data      Debug   Object Name

       192         18          0          0         64       1559   adc.o
       160         14          0          0          0        875   gpio.o
       784        126          0         12        408       5595   i2c.o
      5438       2742        219         88        460     279199   main.o
       332         36          0          0        200       2182   spi.o
        56         26        180          0       1536        616   startup_stm32f030x8.o
       164         30          0         12          0       7713   stm32f0xx_hal.o
      1088         48          0          0          0       5522   stm32f0xx_hal_adc.o
       148         24          0          0          0      10197   stm32f0xx_hal_cortex.o
       142          0          0          0          0       2198   stm32f0xx_hal_dma.o
       442         24          0          0          0       2659   stm32f0xx_hal_gpio.o
      3778        140          0          0          0      26346   stm32f0xx_hal_i2c.o
       146          0          0          0          0       1835   stm32f0xx_hal_i2c_ex.o
        40          6          0          0          0        778   stm32f0xx_hal_msp.o
      1376         92          0          0          0       4529   stm32f0xx_hal_rcc.o
       232         14          0          0          0       1316   stm32f0xx_hal_rcc_ex.o
      1066          8          0          0          0       5794   stm32f0xx_hal_spi.o
      2502         58          0          0          0      20017   stm32f0xx_hal_uart.o
        64         10          0          0          0       2909   stm32f0xx_it.o
         2          0         24          4          0       1047   system_stm32f0xx.o
       172         18          0          0        132       1554   usart.o

    ----------------------------------------------------------------------
     18360       3434        456        116       2800     384440   Object Totals
         0          0         32          0          0          0   (incl. Generated)
        36          0          1          0          0          0   (incl. Padding)

    ----------------------------------------------------------------------

      Code (inc. data)   RO Data    RW Data    ZI Data      Debug   Library Member Name

        64         10          0          0          0         84   __0sscanf.o
         8          0          0          0          0         68   __main.o
       392          6         17          0          0         76   __printf_flags_ss_wp.o
        14          0          0          0          0         60   __printf_wp.o
         0          0          0          0          0          0   __rtentry.o
        12          0          0          0          0          0   __rtentry2.o
         6          0          0          0          0          0   __rtentry4.o
        60          8          0          0          0          0   __scatter.o
        26          0          0          0          0          0   __scatter_copy.o
        28          0          0          0          0          0   __scatter_zi.o
        30          0          0          0          0         60   _chval.o
        10          0          0          0          0          0   _printf_a.o
        10          0          0          0          0          0   _printf_c.o
        46          0          0          0          0        100   _printf_char.o
        48          6          0          0          0         88   _printf_char_common.o
        38          0          0          0          0         60   _printf_charcount.o
        10          0          0          0          0          0   _printf_d.o
       108         18          0          0          0         76   _printf_dec.o
        10          0          0          0          0          0   _printf_e.o
        10          0          0          0          0          0   _printf_f.o
      1048         14          0          0          0        176   _printf_fp_dec.o
       728         10         38          0          0         84   _printf_fp_hex.o
       136         16          0          0          0         76   _printf_fp_infnan.o
        10          0          0          0          0          0   _printf_g.o
       152          4         40          0          0        148   _printf_hex_int_ll_ptr.o
        10          0          0          0          0          0   _printf_i.o
       176          0          0          0          0         84   _printf_intcommon.o
        10          0          0          0          0          0   _printf_l.o
        10          0          0          0          0          0   _printf_lc.o
        10          0          0          0          0          0   _printf_ll.o
        10          0          0          0          0          0   _printf_lld.o
        10          0          0          0          0          0   _printf_lli.o
        10          0          0          0          0          0   _printf_llo.o
        10          0          0          0          0          0   _printf_llu.o
        10          0          0          0          0          0   _printf_llx.o
       112         18          0          0          0         76   _printf_longlong_dec.o
        10          0          0          0          0          0   _printf_ls.o
        10          0          0          0          0          0   _printf_n.o
        10          0          0          0          0          0   _printf_o.o
       112         10          0          0          0        112   _printf_oct_int_ll.o
        10          0          0          0          0          0   _printf_p.o
        78          0          0          0          0        100   _printf_pad.o
         2          0          0          0          0          0   _printf_percent.o
         4          0          0          0          0          0   _printf_percent_end.o
        10          0          0          0          0          0   _printf_s.o
        82          0          0          0          0         72   _printf_str.o
        36          0          0          0          0         76   _printf_truncate.o
        10          0          0          0          0          0   _printf_u.o
        46          0          0          0          0        100   _printf_wchar.o
       188          6          8          0          0         80   _printf_wctomb.o
        10          0          0          0          0          0   _printf_x.o
        22          0          0          0          0         92   _rserrno.o
       916         16          0          0          0         84   _scanf.o
       232          0          0          0          0         84   _scanf_str.o
        68          0          0          0          0         76   _sgetc.o
        16          0          0          0          0         60   _snputc.o
        10          0          0          0          0         60   _sputc.o
        64          0          0          0          0         72   _wcrtomb.o
       346          0          0          0          0         92   aeabi_sdiv.o
       216          6        148          0          0         80   bigflt0.o
      1408         30          0          0          0        260   btod.o
        16          0          0          0          0         68   exit.o
         6          0          0          0          0        136   heapauxi.o
         0          0          0          0          0          0   indicate_semi.o
        18          0          0          0          0         68   isspace.o
        44         10        272          0          0         76   lc_ctype_c.o
        44         10         28          0          0         76   lc_numeric_c.o
         2          0          0          0          0          0   libinit.o
        30          0          0          0          0          0   libinit2.o
         2          0          0          0          0          0   libshutdown.o
         2          0          0          0          0          0   libshutdown2.o
         8          4          0          0         96         68   libspace.o
        48          0          0          0          0         72   llmul.o
        32          0          0          0          0         68   llshl.o
       258          0          0          0          0         88   lludiv.o
       122          0          0          0          0         72   lludiv10.o
        16          4          0          0          0         76   rt_ctype_table.o
         8          4          0          0          0         68   rt_errno_addr_intlibspace.o
         8          4          0          0          0         68   rt_locale_intlibspace.o
        64          0          0          0          0        108   rt_memclr.o
        56          0          0          0          0         68   rt_memcpy.o
         2          0          0          0          0          0   rtexit.o
        10          0          0          0          0          0   rtexit2.o
        40          0          0          0          0         60   rtudiv10.o
        48          8          0          0          0         84   scanf_char.o
      1312         24          0          0          0        124   scanf_fp.o
       820         14          0          0          0         84   scanf_hexfp.o
       316         16          0          0          0         84   scanf_infnan.o
       136          4          0          0          0         72   strcmp.o
        68          6          0          0          0         72   strlen.o
        12          4          0          0          0         60   sys_exit.o
        62          0          0          0          0         80   sys_stackheap_outer.o
         2          0          0          0          0         68   use_no_semi.o
        56          6          0          0          0         72   vsnprintf.o
        46          0          0          0          0         60   cmpret.o
       124          4          0          0          0         72   d2f.o
       856         20          0          0          0        208   daddsub.o
       144          4          0          0          0         76   dcmpin.o
      1096         26        128          0          0        112   ddiv.o
       100          4          0          0          0         92   deqf.o
        72          4          0          0          0         68   dfixui.o
        88          0          0          0          0         92   dflti.o
       584         26          0          0          0         84   dmul.o
        20          6          0          0          0         68   dnan2.o
       104          4          0          0          0        104   drlef.o
        96         12          0          0          0         72   dscalbn.o
        84          4          0          0          0         60   f2d.o
       348          8          0          0          0        160   faddsub.o
       100          4          0          0          0         68   fcmpin.o
        48          0          0          0          0         60   ffixui.o
        94          0          0          0          0         92   fflti.o
        84          4          0          0          0         76   flef.o
       176          4          0          0          0         80   fmul.o
        16          6          0          0          0         68   fnan2.o
         0          0         16          0          0          0   fpconst.o
        88          4          0          0          0         76   frlef.o
        16          4          0          0          0         76   printf1.o
        16          4          0          0          0         76   printf2.o
        94          0          0          0          0         68   retnan.o
        16          4          0          0          0         76   scanf1.o
        32          8          0          0          0        100   scanf2.o
         0          0          0          0          0          0   usenofp.o
        40         10          0          0          0        136   dunder.o
        44          4          0          0          0         60   fpclassify.o
        88         16          0          0          0         72   frexp.o
       132          0          0          0          0        140   ldexp.o
       216         10          0          0          0        144   narrow.o

    ----------------------------------------------------------------------
     16048        500        696          0        100       7652   Library Totals
        20          0          1          0          4          0   (incl. Padding)

    ----------------------------------------------------------------------

      Code (inc. data)   RO Data    RW Data    ZI Data      Debug   Library Name

     10966        296        551          0         96       4856   c_p.l
      4542        164        144          0          0       2244   fz_ps.l
       520         40          0          0          0        552   m_ps.l

    ----------------------------------------------------------------------
     16048        500        696          0        100       7652   Library Totals

    ----------------------------------------------------------------------

==============================================================================


      Code (inc. data)   RO Data    RW Data    ZI Data      Debug   

     34408       3934       1152        116       2900     382748   Grand Totals
     34408       3934       1152        116       2900     382748   ELF Image Totals
     34408       3934       1152        116          0          0   ROM Totals

==============================================================================

    Total RO  Size (Code + RO Data)                35560 (  34.73kB)
    Total RW  Size (RW Data + ZI Data)              3016 (   2.95kB)
    Total ROM Size (Code + RO Data + RW Data)      35676 (  34.84kB)

==============================================================================

